Component: ARM Compiler 5.06 update 5 (build 528) Tool: armlink [4d35e2]

==============================================================================

Section Cross References

    startup_stm32f103xb.o(STACK) refers (Special) to heapauxi.o(.text) for __use_two_region_memory
    startup_stm32f103xb.o(HEAP) refers (Special) to heapauxi.o(.text) for __use_two_region_memory
    startup_stm32f103xb.o(RESET) refers (Special) to heapauxi.o(.text) for __use_two_region_memory
    startup_stm32f103xb.o(RESET) refers to startup_stm32f103xb.o(STACK) for __initial_sp
    startup_stm32f103xb.o(RESET) refers to startup_stm32f103xb.o(.text) for Reset_Handler
    startup_stm32f103xb.o(RESET) refers to stm32f1xx_it.o(i.NMI_Handler) for NMI_Handler
    startup_stm32f103xb.o(RESET) refers to stm32f1xx_it.o(i.HardFault_Handler) for HardFault_Handler
    startup_stm32f103xb.o(RESET) refers to stm32f1xx_it.o(i.MemManage_Handler) for MemManage_Handler
    startup_stm32f103xb.o(RESET) refers to stm32f1xx_it.o(i.BusFault_Handler) for BusFault_Handler
    startup_stm32f103xb.o(RESET) refers to stm32f1xx_it.o(i.UsageFault_Handler) for UsageFault_Handler
    startup_stm32f103xb.o(RESET) refers to stm32f1xx_it.o(i.SVC_Handler) for SVC_Handler
    startup_stm32f103xb.o(RESET) refers to stm32f1xx_it.o(i.DebugMon_Handler) for DebugMon_Handler
    startup_stm32f103xb.o(RESET) refers to stm32f1xx_it.o(i.PendSV_Handler) for PendSV_Handler
    startup_stm32f103xb.o(RESET) refers to stm32f1xx_it.o(i.SysTick_Handler) for SysTick_Handler
    startup_stm32f103xb.o(RESET) refers to stm32f1xx_it.o(i.EXTI9_5_IRQHandler) for EXTI9_5_IRQHandler
    startup_stm32f103xb.o(RESET) refers to stm32f1xx_it.o(i.TIM4_IRQHandler) for TIM4_IRQHandler
    startup_stm32f103xb.o(.text) refers (Special) to heapauxi.o(.text) for __use_two_region_memory
    startup_stm32f103xb.o(.text) refers to system_stm32f1xx.o(i.SystemInit) for SystemInit
    startup_stm32f103xb.o(.text) refers to __main.o(!!!main) for __main
    startup_stm32f103xb.o(.text) refers to startup_stm32f103xb.o(HEAP) for Heap_Mem
    startup_stm32f103xb.o(.text) refers to startup_stm32f103xb.o(STACK) for Stack_Mem
    main.o(i.HAL_TIM_PeriodElapsedCallback) refers to pid.o(i.pid_control) for pid_control
    main.o(i.HAL_TIM_PeriodElapsedCallback) refers to key.o(i.key_task) for key_task
    main.o(i.HAL_TIM_PeriodElapsedCallback) refers to main.o(.data) for .data
    main.o(i.SystemClock_Config) refers to rt_memclr_w.o(.text) for __aeabi_memclr4
    main.o(i.SystemClock_Config) refers to stm32f1xx_hal_rcc.o(i.HAL_RCC_OscConfig) for HAL_RCC_OscConfig
    main.o(i.SystemClock_Config) refers to stm32f1xx_hal_rcc.o(i.HAL_RCC_ClockConfig) for HAL_RCC_ClockConfig
    main.o(i.key_proc) refers to faddsub_clz.o(x$fpl$fadd) for __aeabi_fadd
    main.o(i.key_proc) refers to faddsub_clz.o(x$fpl$fsub) for __aeabi_fsub
    main.o(i.key_proc) refers to main.o(.data) for .data
    main.o(i.key_proc) refers to key.o(.bss) for KEYS
    main.o(i.key_proc) refers to gray_track.o(.data) for Kp
    main.o(i.main) refers to _printf_percent.o(.ARM.Collect$$_printf_percent$$00000000) for _printf_percent
    main.o(i.main) refers to _printf_f.o(.ARM.Collect$$_printf_percent$$00000003) for _printf_f
    main.o(i.main) refers to printf1.o(x$fpl$printf1) for _printf_fp_dec
    main.o(i.main) refers to stm32f1xx_hal.o(i.HAL_Init) for HAL_Init
    main.o(i.main) refers to main.o(i.SystemClock_Config) for SystemClock_Config
    main.o(i.main) refers to gpio.o(i.MX_GPIO_Init) for MX_GPIO_Init
    main.o(i.main) refers to tim.o(i.MX_TIM1_Init) for MX_TIM1_Init
    main.o(i.main) refers to tim.o(i.MX_TIM2_Init) for MX_TIM2_Init
    main.o(i.main) refers to tim.o(i.MX_TIM3_Init) for MX_TIM3_Init
    main.o(i.main) refers to tim.o(i.MX_TIM4_Init) for MX_TIM4_Init
    main.o(i.main) refers to i2c.o(i.MX_I2C2_Init) for MX_I2C2_Init
    main.o(i.main) refers to usart.o(i.MX_USART1_UART_Init) for MX_USART1_UART_Init
    main.o(i.main) refers to oled.o(i.OLED_Init) for OLED_Init
    main.o(i.main) refers to stm32f1xx_hal_tim.o(i.HAL_TIM_Encoder_Start) for HAL_TIM_Encoder_Start
    main.o(i.main) refers to stm32f1xx_hal_tim.o(i.HAL_TIM_Base_Start_IT) for HAL_TIM_Base_Start_IT
    main.o(i.main) refers to stm32f1xx_hal_gpio.o(i.HAL_GPIO_WritePin) for HAL_GPIO_WritePin
    main.o(i.main) refers to motor.o(i.MotorAR_set) for MotorAR_set
    main.o(i.main) refers to motor.o(i.MotorAR_start) for MotorAR_start
    main.o(i.main) refers to motor.o(i.MotorBL_set) for MotorBL_set
    main.o(i.main) refers to motor.o(i.MotorBL_start) for MotorBL_start
    main.o(i.main) refers to pid.o(i.pid_Init) for pid_Init
    main.o(i.main) refers to pid.o(i.pid_set_tar_speed) for pid_set_tar_speed
    main.o(i.main) refers to stm32f1xx_hal.o(i.HAL_Delay) for HAL_Delay
    main.o(i.main) refers to hmc5883l.o(i.HMC5883L_Init) for HMC5883L_Init
    main.o(i.main) refers to mpu6050.o(i.calibrate_gyro) for calibrate_gyro
[...]
    i.I2C_WaitOnRXNEFlagUntilTimeout         0x08002db4   Section        0  stm32f1xx_hal_i2c.o(i.I2C_WaitOnRXNEFlagUntilTimeout)
    I2C_WaitOnRXNEFlagUntilTimeout           0x08002db5   Thumb Code   112  stm32f1xx_hal_i2c.o(i.I2C_WaitOnRXNEFlagUntilTimeout)
    i.I2C_WaitOnTXEFlagUntilTimeout          0x08002e24   Section        0  stm32f1xx_hal_i2c.o(i.I2C_WaitOnTXEFlagUntilTimeout)
    I2C_WaitOnTXEFlagUntilTimeout            0x08002e25   Thumb Code    86  stm32f1xx_hal_i2c.o(i.I2C_WaitOnTXEFlagUntilTimeout)
    i.MPU6050_GetData                        0x08002e7c   Section        0  mpu6050.o(i.MPU6050_GetData)
    i.MPU6050_ReadBytes                      0x08002ecc   Section        0  mpu6050.o(i.MPU6050_ReadBytes)
    i.MX_GPIO_Init                           0x08002ee8   Section        0  gpio.o(i.MX_GPIO_Init)
    i.MX_I2C2_Init                           0x0800301c   Section        0  i2c.o(i.MX_I2C2_Init)
    i.MX_TIM1_Init                           0x0800305c   Section        0  tim.o(i.MX_TIM1_Init)
    i.MX_TIM2_Init                           0x08003144   Section        0  tim.o(i.MX_TIM2_Init)
    i.MX_TIM3_Init                           0x080031ac   Section        0  tim.o(i.MX_TIM3_Init)
    i.MX_TIM4_Init                           0x08003218   Section        0  tim.o(i.MX_TIM4_Init)
    i.MX_USART1_UART_Init                    0x08003280   Section        0  usart.o(i.MX_USART1_UART_Init)
    i.MemManage_Handler                      0x080032b8   Section        0  stm32f1xx_it.o(i.MemManage_Handler)
    i.MotorAR_set                            0x080032bc   Section        0  motor.o(i.MotorAR_set)
    i.MotorAR_start                          0x080032f4   Section        0  motor.o(i.MotorAR_start)
    i.MotorBL_set                            0x08003300   Section        0  motor.o(i.MotorBL_set)
    i.MotorBL_start                          0x08003338   Section        0  motor.o(i.MotorBL_start)
    i.NMI_Handler                            0x08003344   Section        0  stm32f1xx_it.o(i.NMI_Handler)
    i.OLED_Clear                             0x08003346   Section        0  oled.o(i.OLED_Clear)
    i.OLED_I2C_Init                          0x0800336c   Section        0  oled.o(i.OLED_I2C_Init)
    i.OLED_I2C_SendByte                      0x080033cc   Section        0  oled.o(i.OLED_I2C_SendByte)
    i.OLED_I2C_Start                         0x08003430   Section        0  oled.o(i.OLED_I2C_Start)
    i.OLED_I2C_Stop                          0x08003468   Section        0  oled.o(i.OLED_I2C_Stop)
    i.OLED_Init                              0x08003498   Section        0  oled.o(i.OLED_Init)
    i.OLED_SetCursor                         0x08003544   Section        0  oled.o(i.OLED_SetCursor)
    i.OLED_ShowChar                          0x08003568   Section        0  oled.o(i.OLED_ShowChar)
    i.OLED_ShowString                        0x080035d0   Section        0  oled.o(i.OLED_ShowString)
    i.OLED_WriteCommand                      0x080035f6   Section        0  oled.o(i.OLED_WriteCommand)
    i.OLED_WriteData                         0x08003618   Section        0  oled.o(i.OLED_WriteData)
    i.PendSV_Handler                         0x0800363a   Section        0  stm32f1xx_it.o(i.PendSV_Handler)
    i.SVC_Handler                            0x0800363c   Section        0  stm32f1xx_it.o(i.SVC_Handler)
    i.SysTick_Handler                        0x0800363e   Section        0  stm32f1xx_it.o(i.SysTick_Handler)
    i.SystemClock_Config                     0x08003642   Section        0  main.o(i.SystemClock_Config)
    i.SystemInit                             0x080036a0   Section        0  system_stm32f1xx.o(i.SystemInit)
    i.TIM4_IRQHandler                        0x080036a4   Section        0  stm32f1xx_it.o(i.TIM4_IRQHandler)
    i.TIM_Base_SetConfig                     0x080036b0   Section        0  stm32f1xx_hal_tim.o(i.TIM_Base_SetConfig)
    i.TIM_CCxChannelCmd                      0x08003728   Section        0  stm32f1xx_hal_tim.o(i.TIM_CCxChannelCmd)
    i.TIM_ETR_SetConfig                      0x08003742   Section        0  stm32f1xx_hal_tim.o(i.TIM_ETR_SetConfig)
    i.TIM_ITRx_SetConfig                     0x08003756   Section        0  stm32f1xx_hal_tim.o(i.TIM_ITRx_SetConfig)
    TIM_ITRx_SetConfig                       0x08003757   Thumb Code    16  stm32f1xx_hal_tim.o(i.TIM_ITRx_SetConfig)
    i.TIM_OC1_SetConfig                      0x08003768   Section        0  stm32f1xx_hal_tim.o(i.TIM_OC1_SetConfig)
    TIM_OC1_SetConfig                        0x08003769   Thumb Code    74  stm32f1xx_hal_tim.o(i.TIM_OC1_SetConfig)
    i.TIM_OC2_SetConfig                      0x080037b8   Section        0  stm32f1xx_hal_tim.o(i.TIM_OC2_SetConfig)
    i.TIM_OC3_SetConfig                      0x08003810   Section        0  stm32f1xx_hal_tim.o(i.TIM_OC3_SetConfig)
    TIM_OC3_SetConfig                        0x08003811   Thumb Code    82  stm32f1xx_hal_tim.o(i.TIM_OC3_SetConfig)
    i.TIM_OC4_SetConfig                      0x08003868   Section        0  stm32f1xx_hal_tim.o(i.TIM_OC4_SetConfig)
    TIM_OC4_SetConfig                        0x08003869   Thumb Code    64  stm32f1xx_hal_tim.o(i.TIM_OC4_SetConfig)
    i.TIM_TI1_ConfigInputStage               0x080038ac   Section        0  stm32f1xx_hal_tim.o(i.TIM_TI1_ConfigInputStage)
    TIM_TI1_ConfigInputStage                 0x080038ad   Thumb Code    34  stm32f1xx_hal_tim.o(i.TIM_TI1_ConfigInputStage)
    i.TIM_TI2_ConfigInputStage               0x080038ce   Section        0  stm32f1xx_hal_tim.o(i.TIM_TI2_ConfigInputStage)
    TIM_TI2_ConfigInputStage                 0x080038cf   Thumb Code    36  stm32f1xx_hal_tim.o(i.TIM_TI2_ConfigInputStage)
    i.UART_EndRxTransfer                     0x080038f2   Section        0  stm32f1xx_hal_uart.o(i.UART_EndRxTransfer)
    UART_EndRxTransfer                       0x080038f3   Thumb Code    78  stm32f1xx_hal_uart.o(i.UART_EndRxTransfer)
    i.UART_SetConfig                         0x08003940   Section        0  stm32f1xx_hal_uart.o(i.UART_SetConfig)
    UART_SetConfig                           0x08003941   Thumb Code   178  stm32f1xx_hal_uart.o(i.UART_SetConfig)
    i.UART_WaitOnFlagUntilTimeout            0x080039f8   Section        0  stm32f1xx_hal_uart.o(i.UART_WaitOnFlagUntilTimeout)
    UART_WaitOnFlagUntilTimeout              0x080039f9   Thumb Code   114  stm32f1xx_hal_uart.o(i.UART_WaitOnFlagUntilTimeout)
    i.UsageFault_Handler                     0x08003a6a   Section        0  stm32f1xx_it.o(i.UsageFault_Handler)
    i.__ARM_fpclassify                       0x08003a6c   Section        0  fpclassify.o(i.__ARM_fpclassify)
    i.__ARM_fpclassifyf                      0x08003a94   Section        0  fpclassifyf.o(i.__ARM_fpclassifyf)
    i.__NVIC_SetPriority                     0x08003aba   Section        0  stm32f1xx_hal_cortex.o(i.__NVIC_SetPriority)
    __NVIC_SetPriority                       0x08003abb   Thumb Code    32  stm32f1xx_hal_cortex.o(i.__NVIC_SetPriority)
    i.__mathlib_flt_infnan2                  0x08003ada   Section        0  funder.o(i.__mathlib_flt_infnan2)
    i.__mathlib_flt_underflow                0x08003ade   Section        0  funder.o(i.__mathlib_flt_underflow)
    i._is_digit                              0x08003ae8   Section        0  __printf_wp.o(i._is_digit)
    i.atan2f                                 0x08003af8   Section        0  atan2f.o(i.atan2f)
    i.calibrate_gyro                         0x08003d54   Section        0  mpu6050.o(i.calibrate_gyro)
    i.datavision_send                        0x08003d98   Section        0  pid.o(i.datavision_send)
    i.key_proc                               0x08003e28   Section        0  main.o(i.key_proc)
    i.key_task                               0x08003ed0   Section        0  key.o(i.key_task)
    i.main                                   0x08003f7c   Section        0  main.o(i.main)
    i.pid_Init                               0x080041e4   Section        0  pid.o(i.pid_Init)
    i.pid_cal_motor                          0x080041f4   Section        0  pid.o(i.pid_cal_motor)
    i.pid_control                            0x080042ac   Section        0  pid.o(i.pid_control)
    i.pid_set_tar_speed                      0x08004380   Section        0  pid.o(i.pid_set_tar_speed)
    i.pidout_limit                           0x080043a0   Section        0  pid.o(i.pidout_limit)
    i.track                                  0x080043bc   Section        0  gray_track.o(i.track)
    i.track_error                            0x080044b4   Section        0  gray_track.o(i.track_error)
    locale$$code                             0x08004574   Section       44  lc_numeric_c.o(locale$$code)
    x$fpl$d2f                                0x080045a0   Section       98  d2f.o(x$fpl$d2f)
    x$fpl$dadd                               0x08004604   Section      336  daddsub_clz.o(x$fpl$dadd)
    _dadd1                                   0x08004615   Thumb Code     0  daddsub_clz.o(x$fpl$dadd)
    x$fpl$dfix                               0x08004754   Section       94  dfix.o(x$fpl$dfix)
    x$fpl$dflt                               0x080047b2   Section       46  dflt_clz.o(x$fpl$dflt)
    x$fpl$dmul                               0x080047e0   Section      340  dmul.o(x$fpl$dmul)
    x$fpl$dnaninf                            0x08004934   Section      156  dnaninf.o(x$fpl$dnaninf)
    x$fpl$dretinf                            0x080049d0   Section       12  dretinf.o(x$fpl$dretinf)
    x$fpl$drsb                               0x080049dc   Section       22  daddsub_clz.o(x$fpl$drsb)
    x$fpl$dsub                               0x080049f4   Section      468  daddsub_clz.o(x$fpl$dsub)
    _dsub1                                   0x08004a05   Thumb Code     0  daddsub_clz.o(x$fpl$dsub)
    x$fpl$f2d                                0x08004bc8   Section       86  f2d.o(x$fpl$f2d)
    x$fpl$fadd                               0x08004c20   Section      196  faddsub_clz.o(x$fpl$fadd)
    _fadd1                                   0x08004c2f   Thumb Code     0  faddsub_clz.o(x$fpl$fadd)
    x$fpl$fcheck1                            0x08004ce4   Section       12  fcheck1.o(x$fpl$fcheck1)
    x$fpl$fdiv                               0x08004cf0   Section      388  fdiv.o(x$fpl$fdiv)
    _fdiv1                                   0x08004cf1   Thumb Code     0  fdiv.o(x$fpl$fdiv)
    x$fpl$ffix                               0x08004e74   Section       54  ffix.o(x$fpl$ffix)
    x$fpl$ffixu                              0x08004eac   Section       62  ffixu.o(x$fpl$ffixu)
    x$fpl$fflt                               0x08004eec   Section       48  fflt_clz.o(x$fpl$fflt)
    x$fpl$fmul                               0x08004f1c   Section      258  fmul.o(x$fpl$fmul)
    x$fpl$fnaninf                            0x0800501e   Section      140  fnaninf.o(x$fpl$fnaninf)
    x$fpl$fretinf                            0x080050aa   Section       10  fretinf.o(x$fpl$fretinf)
    x$fpl$frsb                               0x080050b4   Section       20  faddsub_clz.o(x$fpl$frsb)
    x$fpl$fsub                               0x080050c8   Section      234  faddsub_clz.o(x$fpl$fsub)
    _fsub1                                   0x080050d7   Thumb Code     0  faddsub_clz.o(x$fpl$fsub)
    x$fpl$printf1                            0x080051b2   Section        4  printf1.o(x$fpl$printf1)
    x$fpl$retnan                             0x080051b6   Section      100  retnan.o(x$fpl$retnan)
    x$fpl$scalbnf                            0x0800521a   Section       76  scalbnf.o(x$fpl$scalbnf)
    x$fpl$trapveneer                         0x08005266   Section       48  trapv.o(x$fpl$trapveneer)
    .constdata                               0x08005296   Section       18  stm32f1xx_hal_rcc.o(.constdata)
    x$fpl$usenofp                            0x08005296   Section        0  usenofp.o(x$fpl$usenofp)
    aPredivFactorTable                       0x08005296   Data           2  stm32f1xx_hal_rcc.o(.constdata)
    aPLLMULFactorTable                       0x08005298   Data          16  stm32f1xx_hal_rcc.o(.constdata)
    .constdata                               0x080052a8   Section       16  system_stm32f1xx.o(.constdata)
    .constdata                               0x080052b8   Section        8  system_stm32f1xx.o(.constdata)
    .constdata                               0x080052c0   Section     1520  oled.o(.constdata)
    .constdata                               0x080058b0   Section      148  bigflt0.o(.constdata)
    tenpwrs_x                                0x080058b0   Data          60  bigflt0.o(.constdata)
    tenpwrs_i                                0x080058ec   Data          64  bigflt0.o(.constdata)
    locale$$data                             0x08005964   Section       28  lc_numeric_c.o(locale$$data)
    __lcnum_c_name                           0x08005968   Data           2  lc_numeric_c.o(locale$$data)
    __lcnum_c_start                          0x08005970   Data           0  lc_numeric_c.o(locale$$data)
    __lcnum_c_point                          0x0800597c   Data           0  lc_numeric_c.o(locale$$data)
    __lcnum_c_thousands                      0x0800597e   Data           0  lc_numeric_c.o(locale$$data)
    __lcnum_c_grouping                       0x0800597f   Data           0  lc_numeric_c.o(locale$$data)
    __lcnum_c_end                            0x08005980   Data           0  lc_numeric_c.o(locale$$data)
    .data                                    0x20000000   Section        4  main.o(.data)
    .data                                    0x20000004   Section       12  stm32f1xx_hal.o(.data)
    .data                                    0x20000010   Section        4  system_stm32f1xx.o(.data)
    .data                                    0x20000014   Section        4  motor.o(.data)
    .data                                    0x20000018   Section        4  motor.o(.data)
    .data                                    0x2000001c   Section       20  gray_track.o(.data)
    .data                                    0x20000030   Section       16  mpu6050.o(.data)
    .data                                    0x20000040   Section        4  mpu6050.o(.data)
    .data                                    0x20000044   Section        2  hmc5883l.o(.data)
    .data                                    0x20000046   Section        2  hmc5883l.o(.data)
    .data                                    0x20000048   Section        2  hmc5883l.o(.data)
    .data                                    0x2000004c   Section        4  hmc5883l.o(.data)
    .data                                    0x20000050   Section        4  hmc5883l.o(.data)
    .data                                    0x20000054   Section        4  hmc5883l.o(.data)
    .bss                                     0x20000058   Section       30  main.o(.bss)
    .bss                                     0x20000078   Section       84  i2c.o(.bss)
    .bss                                     0x200000cc   Section      288  tim.o(.bss)
    .bss                                     0x200001ec   Section       72  usart.o(.bss)
    .bss                                     0x20000234   Section      104  pid.o(.bss)
    .bss                                     0x2000029c   Section       52  pid.o(.bss)
    .bss                                     0x200002d0   Section       48  key.o(.bss)
    .bss                                     0x20000300   Section       96  libspace.o(.bss)
    HEAP                                     0x20000360   Section      512  startup_stm32f103xb.o(HEAP)
    Heap_Mem                                 0x20000360   Data         512  startup_stm32f103xb.o(HEAP)
    STACK                                    0x20000560   Section     1024  startup_stm32f103xb.o(STACK)
    Stack_Mem                                0x20000560   Data        1024  startup_stm32f103xb.o(STACK)
    __initial_sp                             0x20000960   Data           0  startup_stm32f103xb.o(STACK)

    Global Symbols

    Symbol Name                              Value     Ov Type        Size  Object(Section)

    BuildAttributes$$THM_ISAv4$P$D$K$B$S$PE$A:L22UL41UL21$X:L11$S22US41US21$IEEE1$IW$USESV6$~STKCKD$USESV7$~SHL$OTIME$ROPI$IEEEX$EBA8$UX$STANDARDLIB$REQ8$PRES8$EABIv2 0x00000000   Number         0  anon$$obj.o ABSOLUTE
    __ARM_use_no_argv                        0x00000000   Number         0  main.o ABSOLUTE
    _printf_flags                            0x00000000   Number         0  printf_stubs.o ABSOLUTE
    _printf_return_value                     0x00000000   Number         0  printf_stubs.o ABSOLUTE
    _printf_sizespec                         0x00000000   Number         0  printf_stubs.o ABSOLUTE
    _printf_widthprec                        0x00000000   Number         0  printf_stubs.o ABSOLUTE
    __ARM_exceptions_init                     - Undefined Weak Reference
    __alloca_initialize                       - Undefined Weak Reference
    __arm_preinit_                            - Undefined Weak Reference
    __cpp_initialize__aeabi_                  - Undefined Weak Reference
    __cxa_finalize                            - Undefined Weak Reference
    __sigvec_lookup                           - Undefined Weak Reference
    _atexit_init                              - Undefined Weak Reference
    _call_atexit_fns                          - Undefined Weak Reference
    _clock_init                               - Undefined Weak Reference
    _fp_trap_init                             - Undefined Weak Reference
    _fp_trap_shutdown                         - Undefined Weak Reference
    _get_lc_collate                           - Undefined Weak Reference
    _get_lc_ctype                             - Undefined Weak Reference
    _get_lc_monetary                          - Undefined Weak Reference
    _get_lc_time                              - Undefined Weak Reference
    _getenv_init                              - Undefined Weak Reference
    _handle_redirection                       - Undefined Weak Reference
    _init_alloc                               - Undefined Weak Reference
    _init_user_alloc                          - Undefined Weak Reference
    _initio                                   - Undefined Weak Reference
    _printf_post_padding                      - Undefined Weak Reference
    _printf_pre_padding                       - Undefined Weak Reference
    _rand_init                                - Undefined Weak Reference
    _signal_finish                            - Undefined Weak Reference
    _signal_init                              - Undefined Weak Reference
    _terminate_alloc                          - Undefined Weak Reference
    _terminate_user_alloc                     - Undefined Weak Reference
    _terminateio                              - Undefined Weak Reference
    __Vectors_Size                           0x000000ec   Number         0  startup_stm32f103xb.o ABSOLUTE
    __Vectors                                0x08000000   Data           4  startup_stm32f103xb.o(RESET)
    __Vectors_End                            0x080000ec   Data           0  startup_stm32f103xb.o(RESET)
    __main                                   0x080000ed   Thumb Code     8  __main.o(!!!main)
    __scatterload                            0x080000f5   Thumb Code     0  __scatter.o(!!!scatter)
    __scatterload_rt2                        0x080000f5   Thumb Code    44  __scatter.o(!!!scatter)
    __scatterload_rt2_thumb_only             0x080000f5   Thumb Code     0  __scatter.o(!!!scatter)
    __scatterload_null                       0x08000103   Thumb Code     0  __scatter.o(!!!scatter)
    __scatterload_copy                       0x08000129   Thumb Code    26  __scatter_copy.o(!!handler_copy)
    __scatterload_zeroinit                   0x08000145   Thumb Code    28  __scatter_zi.o(!!handler_zi)
    _printf_f                                0x08000161   Thumb Code     0  _printf_f.o(.ARM.Collect$$_printf_percent$$00000003)
    _printf_percent                          0x08000161   Thumb Code     0  _printf_percent.o(.ARM.Collect$$_printf_percent$$00000000)
    _printf_percent_end                      0x08000167   Thumb Code     0  _printf_percent_end.o(.ARM.Collect$$_printf_percent$$00000017)
    __rt_lib_init                            0x0800016b   Thumb Code     0  libinit.o(.ARM.Collect$$libinit$$00000000)
    __rt_lib_init_fp_1                       0x0800016d   Thumb Code     0  libinit2.o(.ARM.Collect$$libinit$$00000002)
    __rt_lib_init_heap_1                     0x0800016d   Thumb Code     0  libinit2.o(.ARM.Collect$$libinit$$0000000A)
    __rt_lib_init_lc_common                  0x0800016d   Thumb Code     0  libinit2.o(.ARM.Collect$$libinit$$0000000F)
    __rt_lib_init_preinit_1                  0x0800016d   Thumb Code     0  libinit2.o(.ARM.Collect$$libinit$$00000004)
    __rt_lib_init_rand_1                     0x0800016d   Thumb Code     0  libinit2.o(.ARM.Collect$$libinit$$0000000E)
    __rt_lib_init_user_alloc_1               0x0800016d   Thumb Code     0  libinit2.o(.ARM.Collect$$libinit$$0000000C)
    __rt_lib_init_lc_collate_1               0x08000173   Thumb Code     0  libinit2.o(.ARM.Collect$$libinit$$00000011)
    __rt_lib_init_lc_ctype_1                 0x08000173   Thumb Code     0  libinit2.o(.ARM.Collect$$libinit$$00000013)
    __rt_lib_init_lc_monetary_1              0x08000173   Thumb Code     0  libinit2.o(.ARM.Collect$$libinit$$00000015)
    __rt_lib_init_lc_numeric_2               0x08000173   Thumb Code     0  libinit2.o(.ARM.Collect$$libinit$$00000016)
    __rt_lib_init_alloca_1                   0x0800017d   Thumb Code     0  libinit2.o(.ARM.Collect$$libinit$$0000002E)
    __rt_lib_init_argv_1                     0x0800017d   Thumb Code     0  libinit2.o(.ARM.Collect$$libinit$$0000002C)
    __rt_lib_init_atexit_1                   0x0800017d   Thumb Code     0  libinit2.o(.ARM.Collect$$libinit$$0000001B)
    __rt_lib_init_clock_1                    0x0800017d   Thumb Code     0  libinit2.o(.ARM.Collect$$libinit$$00000021)
    __rt_lib_init_cpp_1                      0x0800017d   Thumb Code     0  libinit2.o(.ARM.Collect$$libinit$$00000032)
    __rt_lib_init_exceptions_1               0x0800017d   Thumb Code     0  libinit2.o(.ARM.Collect$$libinit$$00000030)
    __rt_lib_init_fp_trap_1                  0x0800017d   Thumb Code     0  libinit2.o(.ARM.Collect$$libinit$$0000001F)
    __rt_lib_init_getenv_1                   0x0800017d   Thumb Code     0  libinit2.o(.ARM.Collect$$libinit$$00000023)
    __rt_lib_init_lc_numeric_1               0x0800017d   Thumb Code     0  libinit2.o(.ARM.Collect$$libinit$$00000017)
    __rt_lib_init_lc_time_1                  0x0800017d   Thumb Code     0  libinit2.o(.ARM.Collect$$libinit$$00000019)
    __rt_lib_init_return                     0x0800017d   Thumb Code     0  libinit2.o(.ARM.Collect$$libinit$$00000033)
    __rt_lib_init_signal_1                   0x0800017d   Thumb Code     0  libinit2.o(.ARM.Collect$$libinit$$0000001D)
    __rt_lib_init_stdio_1                    0x0800017d   Thumb Code     0  libinit2.o(.ARM.Collect$$libinit$$00000025)
    __rt_lib_shutdown                        0x0800017f   Thumb Code     0  libshutdown.o(.ARM.Collect$$libshutdown$$00000000)
    __rt_lib_shutdown_cpp_1                  0x08000181   Thumb Code     0  libshutdown2.o(.ARM.Collect$$libshutdown$$00000002)
    __rt_lib_shutdown_fp_trap_1              0x08000181   Thumb Code     0  libshutdown2.o(.ARM.Collect$$libshutdown$$00000007)
    __rt_lib_shutdown_heap_1                 0x08000181   Thumb Code     0  libshutdown2.o(.ARM.Collect$$libshutdown$$0000000F)
    __rt_lib_shutdown_return                 0x08000181   Thumb Code     0  libshutdown2.o(.ARM.Collect$$libshutdown$$00000010)
    __rt_lib_shutdown_signal_1               0x08000181   Thumb Code     0  libshutdown2.o(.ARM.Collect$$libshutdown$$0000000A)
    __rt_lib_shutdown_stdio_1                0x08000181   Thumb Code     0  libshutdown2.o(.ARM.Collect$$libshutdown$$00000004)
    __rt_lib_shutdown_user_alloc_1           0x08000181   Thumb Code     0  libshutdown2.o(.ARM.Collect$$libshutdown$$0000000C)
    __rt_entry                               0x08000183   Thumb Code     0  __rtentry.o(.ARM.Collect$$rtentry$$00000000)
    __rt_entry_presh_1                       0x08000183   Thumb Code     0  __rtentry2.o(.ARM.Collect$$rtentry$$00000002)
    __rt_entry_sh                            0x08000183   Thumb Code     0  __rtentry4.o(.ARM.Collect$$rtentry$$00000004)
    __rt_entry_li                            0x08000189   Thumb Code     0  __rtentry2.o(.ARM.Collect$$rtentry$$0000000A)
    __rt_entry_postsh_1                      0x08000189   Thumb Code     0  __rtentry2.o(.ARM.Collect$$rtentry$$00000009)
    __rt_entry_main                          0x0800018d   Thumb Code     0  __rtentry2.o(.ARM.Collect$$rtentry$$0000000D)
    __rt_entry_postli_1                      0x0800018d   Thumb Code     0  __rtentry2.o(.ARM.Collect$$rtentry$$0000000C)
    __rt_exit                                0x08000195   Thumb Code     0  rtexit.o(.ARM.Collect$$rtexit$$00000000)
    __rt_exit_ls                             0x08000197   Thumb Code     0  rtexit2.o(.ARM.Collect$$rtexit$$00000003)
    __rt_exit_prels_1                        0x08000197   Thumb Code     0  rtexit2.o(.ARM.Collect$$rtexit$$00000002)
    __rt_exit_exit                           0x0800019b   Thumb Code     0  rtexit2.o(.ARM.Collect$$rtexit$$00000004)
    Reset_Handler                            0x080001a1   Thumb Code     8  startup_stm32f103xb.o(.text)
    ADC1_2_IRQHandler                        0x080001bb   Thumb Code     0  startup_stm32f103xb.o(.text)
    CAN1_RX1_IRQHandler                      0x080001bb   Thumb Code     0  startup_stm32f103xb.o(.text)
    CAN1_SCE_IRQHandler                      0x080001bb   Thumb Code     0  startup_stm32f103xb.o(.text)
    DMA1_Channel1_IRQHandler                 0x080001bb   Thumb Code     0  startup_stm32f103xb.o(.text)
    DMA1_Channel2_IRQHandler                 0x080001bb   Thumb Code     0  startup_stm32f103xb.o(.text)
    DMA1_Channel3_IRQHandler                 0x080001bb   Thumb Code     0  startup_stm32f103xb.o(.text)
    DMA1_Channel4_IRQHandler                 0x080001bb   Thumb Code     0  startup_stm32f103xb.o(.text)
    DMA1_Channel5_IRQHandler                 0x080001bb   Thumb Code     0  startup_stm32f103xb.o(.text)
    DMA1_Channel6_IRQHandler                 0x080001bb   Thumb Code     0  startup_stm32f103xb.o(.text)
    DMA1_Channel7_IRQHandler                 0x080001bb   Thumb Code     0  startup_stm32f103xb.o(.text)
    EXTI0_IRQHandler                         0x080001bb   Thumb Code     0  startup_stm32f103xb.o(.text)
    EXTI15_10_IRQHandler                     0x080001bb   Thumb Code     0  startup_stm32f103xb.o(.text)
    EXTI1_IRQHandler                         0x080001bb   Thumb Code     0  startup_stm32f103xb.o(.text)
    EXTI2_IRQHandler                         0x080001bb   Thumb Code     0  startup_stm32f103xb.o(.text)
    EXTI3_IRQHandler                         0x080001bb   Thumb Code     0  startup_stm32f103xb.o(.text)
    EXTI4_IRQHandler                         0x080001bb   Thumb Code     0  startup_stm32f103xb.o(.text)
    FLASH_IRQHandler                         0x080001bb   Thumb Code     0  startup_stm32f103xb.o(.text)
    I2C1_ER_IRQHandler                       0x080001bb   Thumb Code     0  startup_stm32f103xb.o(.text)
    I2C1_EV_IRQHandler                       0x080001bb   Thumb Code     0  startup_stm32f103xb.o(.text)
    I2C2_ER_IRQHandler                       0x080001bb   Thumb Code     0  startup_stm32f103xb.o(.text)
    I2C2_EV_IRQHandler                       0x080001bb   Thumb Code     0  startup_stm32f103xb.o(.text)
    PVD_IRQHandler                           0x080001bb   Thumb Code     0  startup_stm32f103xb.o(.text)
    RCC_IRQHandler                           0x080001bb   Thumb Code     0  startup_stm32f103xb.o(.text)
    RTC_Alarm_IRQHandler                     0x080001bb   Thumb Code     0  startup_stm32f103xb.o(.text)
    RTC_IRQHandler                           0x080001bb   Thumb Code     0  startup_stm32f103xb.o(.text)
    SPI1_IRQHandler                          0x080001bb   Thumb Code     0  startup_stm32f103xb.o(.text)
    SPI2_IRQHandler                          0x080001bb   Thumb Code     0  startup_stm32f103xb.o(.text)
    TAMPER_IRQHandler                        0x080001bb   Thumb Code     0  startup_stm32f103xb.o(.text)
    TIM1_BRK_IRQHandler                      0x080001bb   Thumb Code     0  startup_stm32f103xb.o(.text)
    TIM1_CC_IRQHandler                       0x080001bb   Thumb Code     0  startup_stm32f103xb.o(.text)
    TIM1_TRG_COM_IRQHandler                  0x080001bb   Thumb Code     0  startup_stm32f103xb.o(.text)
    TIM1_UP_IRQHandler                       0x080001bb   Thumb Code     0  startup_stm32f103xb.o(.text)
    TIM2_IRQHandler                          0x080001bb   Thumb Code     0  startup_stm32f103xb.o(.text)
    TIM3_IRQHandler                          0x080001bb   Thumb Code     0  startup_stm32f103xb.o(.text)
    USART1_IRQHandler                        0x080001bb   Thumb Code     0  startup_stm32f103xb.o(.text)
    USART2_IRQHandler                        0x080001bb   Thumb Code     0  startup_stm32f103xb.o(.text)
    USART3_IRQHandler                        0x080001bb   Thumb Code     0  startup_stm32f103xb.o(.text)
    USBWakeUp_IRQHandler                     0x080001bb   Thumb Code     0  startup_stm32f103xb.o(.text)
    USB_HP_CAN1_TX_IRQHandler                0x080001bb   Thumb Code     0  startup_stm32f103xb.o(.text)
    USB_LP_CAN1_RX0_IRQHandler               0x080001bb   Thumb Code     0  startup_stm32f103xb.o(.text)
    WWDG_IRQHandler                          0x080001bb   Thumb Code     0  startup_stm32f103xb.o(.text)
    __user_initial_stackheap                 0x080001bd   Thumb Code     0  startup_stm32f103xb.o(.text)
    __2snprintf                              0x080001e1   Thumb Code    48  noretval__2snprintf.o(.text)
    __printf                                 0x08000215   Thumb Code   270  __printf_wp.o(.text)
    __aeabi_memclr4                          0x08000323   Thumb Code     0  rt_memclr_w.o(.text)
    __aeabi_memclr8                          0x08000323   Thumb Code     0  rt_memclr_w.o(.text)
    __rt_memclr_w                            0x08000323   Thumb Code    78  rt_memclr_w.o(.text)
    _memset_w                                0x08000327   Thumb Code     0  rt_memclr_w.o(.text)
    __use_two_region_memory                  0x08000371   Thumb Code     2  heapauxi.o(.text)
    __rt_heap_escrow$2region                 0x08000373   Thumb Code     2  heapauxi.o(.text)
    __rt_heap_expand$2region                 0x08000375   Thumb Code     2  heapauxi.o(.text)
    __lib_sel_fp_printf                      0x08000377   Thumb Code     2  _printf_fp_dec.o(.text)
    _printf_fp_dec_real                      0x08000529   Thumb Code   620  _printf_fp_dec.o(.text)
    _printf_char_common                      0x0800079f   Thumb Code    32  _printf_char_common.o(.text)
    _sputc                                   0x080007c5   Thumb Code    10  _sputc.o(.text)
    _snputc                                  0x080007cf   Thumb Code    16  _snputc.o(.text)
    __rt_locale                              0x080007e1   Thumb Code     8  rt_locale_intlibspace.o(.text)
    _ll_udiv10                               0x080007e9   Thumb Code   138  lludiv10.o(.text)
    _printf_fp_infnan                        0x08000875   Thumb Code   112  _printf_fp_infnan.o(.text)
    _btod_etento                             0x080008f5   Thumb Code   224  bigflt0.o(.text)
    __user_libspace                          0x080009d9   Thumb Code     8  libspace.o(.text)
    __user_perproc_libspace                  0x080009d9   Thumb Code     0  libspace.o(.text)
    __user_perthread_libspace                0x080009d9   Thumb Code     0  libspace.o(.text)
    __user_setup_stackheap                   0x080009e1   Thumb Code    74  sys_stackheap_outer.o(.text)
    exit                                     0x08000a2b   Thumb Code    18  exit.o(.text)
    strcmp                                   0x08000a3d   Thumb Code   128  strcmpv7m.o(.text)
    _sys_exit                                0x08000abd   Thumb Code     8  sys_exit.o(.text)
    __I$use$semihosting                      0x08000ac9   Thumb Code     0  use_no_semi.o(.text)
    __use_no_semihosting_swi                 0x08000ac9   Thumb Code     2  use_no_semi.o(.text)
    __semihosting_library_function           0x08000acb   Thumb Code     0  indicate_semi.o(.text)
    _btod_d2e                                0x08000acb   Thumb Code    62  btod.o(CL$$btod_d2e)
    _d2e_denorm_low                          0x08000b09   Thumb Code    70  btod.o(CL$$btod_d2e_denorm_low)
    _d2e_norm_op1                            0x08000b4f   Thumb Code    96  btod.o(CL$$btod_d2e_norm_op1)
    __btod_div_common                        0x08000baf   Thumb Code   696  btod.o(CL$$btod_div_common)
    _e2e                                     0x08000ee7   Thumb Code   220  btod.o(CL$$btod_e2e)
    _btod_ediv                               0x08000fc3   Thumb Code    42  btod.o(CL$$btod_ediv)
    _btod_emul                               0x08000fed   Thumb Code    42  btod.o(CL$$btod_emul)
    __btod_mult_common                       0x08001017   Thumb Code   580  btod.o(CL$$btod_mult_common)
    BusFault_Handler                         0x0800125b   Thumb Code     2  stm32f1xx_it.o(i.BusFault_Handler)
    DebugMon_Handler                         0x0800125d   Thumb Code     2  stm32f1xx_it.o(i.DebugMon_Handler)
    EXTI9_5_IRQHandler                       0x0800125f   Thumb Code     6  stm32f1xx_it.o(i.EXTI9_5_IRQHandler)
    Error_Handler                            0x08001265   Thumb Code     4  main.o(i.Error_Handler)
    HAL_Delay                                0x08001269   Thumb Code    32  stm32f1xx_hal.o(i.HAL_Delay)
    HAL_GPIO_EXTI_Callback                   0x0800128d   Thumb Code     2  main.o(i.HAL_GPIO_EXTI_Callback)
    HAL_GPIO_EXTI_IRQHandler                 0x08001291   Thumb Code    18  stm32f1xx_hal_gpio.o(i.HAL_GPIO_EXTI_IRQHandler)
    HAL_GPIO_Init                            0x080012a9   Thumb Code   446  stm32f1xx_hal_gpio.o(i.HAL_GPIO_Init)
    HAL_GPIO_ReadPin                         0x08001489   Thumb Code    10  stm32f1xx_hal_gpio.o(i.HAL_GPIO_ReadPin)
    HAL_GPIO_WritePin                        0x08001493   Thumb Code    10  stm32f1xx_hal_gpio.o(i.HAL_GPIO_WritePin)
    HAL_GetTick                              0x0800149d   Thumb Code     6  stm32f1xx_hal.o(i.HAL_GetTick)
    HAL_I2C_Init                             0x080014a9   Thumb Code   376  stm32f1xx_hal_i2c.o(i.HAL_I2C_Init)
    HAL_I2C_Mem_Read                         0x08001631   Thumb Code   586  stm32f1xx_hal_i2c.o(i.HAL_I2C_Mem_Read)
    HAL_I2C_Mem_Write                        0x0800188d   Thumb Code   294  stm32f1xx_hal_i2c.o(i.HAL_I2C_Mem_Write)
    HAL_I2C_MspInit                          0x080019bd   Thumb Code    82  i2c.o(i.HAL_I2C_MspInit)
    HAL_IncTick                              0x08001a1d   Thumb Code    12  stm32f1xx_hal.o(i.HAL_IncTick)
    HAL_Init                                 0x08001a2d   Thumb Code    32  stm32f1xx_hal.o(i.HAL_Init)
    HAL_InitTick                             0x08001a51   Thumb Code    54  stm32f1xx_hal.o(i.HAL_InitTick)
    HAL_MspInit                              0x08001a91   Thumb Code    52  stm32f1xx_hal_msp.o(i.HAL_MspInit)
    HAL_NVIC_EnableIRQ                       0x08001acd   Thumb Code    26  stm32f1xx_hal_cortex.o(i.HAL_NVIC_EnableIRQ)
    HAL_NVIC_SetPriority                     0x08001ae9   Thumb Code    60  stm32f1xx_hal_cortex.o(i.HAL_NVIC_SetPriority)
    HAL_NVIC_SetPriorityGrouping             0x08001b29   Thumb Code    26  stm32f1xx_hal_cortex.o(i.HAL_NVIC_SetPriorityGrouping)
    HAL_RCC_ClockConfig                      0x08001b4d   Thumb Code   280  stm32f1xx_hal_rcc.o(i.HAL_RCC_ClockConfig)
    HAL_RCC_GetPCLK1Freq                     0x08001c79   Thumb Code    20  stm32f1xx_hal_rcc.o(i.HAL_RCC_GetPCLK1Freq)
    HAL_RCC_GetPCLK2Freq                     0x08001c99   Thumb Code    20  stm32f1xx_hal_rcc.o(i.HAL_RCC_GetPCLK2Freq)
    HAL_RCC_GetSysClockFreq                  0x08001cb9   Thumb Code    58  stm32f1xx_hal_rcc.o(i.HAL_RCC_GetSysClockFreq)
    HAL_RCC_OscConfig                        0x08001d05   Thumb Code   778  stm32f1xx_hal_rcc.o(i.HAL_RCC_OscConfig)
    HAL_SYSTICK_Config                       0x08002025   Thumb Code    40  stm32f1xx_hal_cortex.o(i.HAL_SYSTICK_Config)
    HAL_TIMEx_BreakCallback                  0x0800204d   Thumb Code     2  stm32f1xx_hal_tim_ex.o(i.HAL_TIMEx_BreakCallback)
    HAL_TIMEx_CommutCallback                 0x0800204f   Thumb Code     2  stm32f1xx_hal_tim_ex.o(i.HAL_TIMEx_CommutCallback)
    HAL_TIMEx_ConfigBreakDeadTime            0x08002051   Thumb Code    84  stm32f1xx_hal_tim_ex.o(i.HAL_TIMEx_ConfigBreakDeadTime)
    HAL_TIMEx_MasterConfigSynchronization    0x080020a5   Thumb Code    92  stm32f1xx_hal_tim_ex.o(i.HAL_TIMEx_MasterConfigSynchronization)
    HAL_TIM_Base_Init                        0x0800210d   Thumb Code    90  stm32f1xx_hal_tim.o(i.HAL_TIM_Base_Init)
    HAL_TIM_Base_MspInit                     0x08002169   Thumb Code    72  tim.o(i.HAL_TIM_Base_MspInit)
    HAL_TIM_Base_Start_IT                    0x080021bd   Thumb Code    76  stm32f1xx_hal_tim.o(i.HAL_TIM_Base_Start_IT)
    HAL_TIM_ConfigClockSource                0x08002215   Thumb Code   220  stm32f1xx_hal_tim.o(i.HAL_TIM_ConfigClockSource)
    HAL_TIM_Encoder_Init                     0x080022f1   Thumb Code   164  stm32f1xx_hal_tim.o(i.HAL_TIM_Encoder_Init)
    HAL_TIM_Encoder_MspInit                  0x08002395   Thumb Code   114  tim.o(i.HAL_TIM_Encoder_MspInit)
    HAL_TIM_Encoder_Start                    0x08002415   Thumb Code   142  stm32f1xx_hal_tim.o(i.HAL_TIM_Encoder_Start)
    HAL_TIM_IC_CaptureCallback               0x080024a3   Thumb Code     2  stm32f1xx_hal_tim.o(i.HAL_TIM_IC_CaptureCallback)
    HAL_TIM_IRQHandler                       0x080024a5   Thumb Code   304  stm32f1xx_hal_tim.o(i.HAL_TIM_IRQHandler)
    HAL_TIM_MspPostInit                      0x080025d5   Thumb Code    64  tim.o(i.HAL_TIM_MspPostInit)
    HAL_TIM_OC_DelayElapsedCallback          0x08002621   Thumb Code     2  stm32f1xx_hal_tim.o(i.HAL_TIM_OC_DelayElapsedCallback)
    HAL_TIM_PWM_ConfigChannel                0x08002623   Thumb Code   204  stm32f1xx_hal_tim.o(i.HAL_TIM_PWM_ConfigChannel)
    HAL_TIM_PWM_Init                         0x080026ef   Thumb Code    90  stm32f1xx_hal_tim.o(i.HAL_TIM_PWM_Init)
    HAL_TIM_PWM_MspInit                      0x08002749   Thumb Code     2  stm32f1xx_hal_tim.o(i.HAL_TIM_PWM_MspInit)
    HAL_TIM_PWM_PulseFinishedCallback        0x0800274b   Thumb Code     2  stm32f1xx_hal_tim.o(i.HAL_TIM_PWM_PulseFinishedCallback)
    HAL_TIM_PWM_Start                        0x0800274d   Thumb Code   144  stm32f1xx_hal_tim.o(i.HAL_TIM_PWM_Start)
    HAL_TIM_PeriodElapsedCallback            0x080027e9   Thumb Code    28  main.o(i.HAL_TIM_PeriodElapsedCallback)
    HAL_TIM_TriggerCallback                  0x0800280d   Thumb Code     2  stm32f1xx_hal_tim.o(i.HAL_TIM_TriggerCallback)
    HAL_UART_Init                            0x0800280f   Thumb Code   100  stm32f1xx_hal_uart.o(i.HAL_UART_Init)
    HAL_UART_MspInit                         0x08002875   Thumb Code   112  usart.o(i.HAL_UART_MspInit)
    HAL_UART_Transmit                        0x080028f5   Thumb Code   160  stm32f1xx_hal_uart.o(i.HAL_UART_Transmit)
    HMC5883L_GetData                         0x08002995   Thumb Code    52  hmc5883l.o(i.HMC5883L_GetData)
    HMC5883L_Init                            0x080029c9   Thumb Code    52  hmc5883l.o(i.HMC5883L_Init)
    HMC5883L_ReadBytes                       0x080029fd   Thumb Code    22  hmc5883l.o(i.HMC5883L_ReadBytes)
    HMC5883L_Write                           0x08002a19   Thumb Code    30  hmc5883l.o(i.HMC5883L_Write)
    HardFault_Handler                        0x08002a3d   Thumb Code     2  stm32f1xx_it.o(i.HardFault_Handler)
    MPU6050_GetData                          0x08002e7d   Thumb Code    74  mpu6050.o(i.MPU6050_GetData)
    MPU6050_ReadBytes                        0x08002ecd   Thumb Code    22  mpu6050.o(i.MPU6050_ReadBytes)
    MX_GPIO_Init                             0x08002ee9   Thumb Code   286  gpio.o(i.MX_GPIO_Init)
    MX_I2C2_Init                             0x0800301d   Thumb Code    50  i2c.o(i.MX_I2C2_Init)
    MX_TIM1_Init                             0x0800305d   Thumb Code   224  tim.o(i.MX_TIM1_Init)
    MX_TIM2_Init                             0x08003145   Thumb Code   100  tim.o(i.MX_TIM2_Init)
    MX_TIM3_Init                             0x080031ad   Thumb Code    98  tim.o(i.MX_TIM3_Init)
    MX_TIM4_Init                             0x08003219   Thumb Code    96  tim.o(i.MX_TIM4_Init)
    MX_USART1_UART_Init                      0x08003281   Thumb Code    48  usart.o(i.MX_USART1_UART_Init)
    MemManage_Handler                        0x080032b9   Thumb Code     2  stm32f1xx_it.o(i.MemManage_Handler)
    MotorAR_set                              0x080032bd   Thumb Code    46  motor.o(i.MotorAR_set)
    MotorAR_start                            0x080032f5   Thumb Code     8  motor.o(i.MotorAR_start)
    MotorBL_set                              0x08003301   Thumb Code    48  motor.o(i.MotorBL_set)
    MotorBL_start                            0x08003339   Thumb Code     8  motor.o(i.MotorBL_start)
    NMI_Handler                              0x08003345   Thumb Code     2  stm32f1xx_it.o(i.NMI_Handler)
    OLED_Clear                               0x08003347   Thumb Code    38  oled.o(i.OLED_Clear)
    OLED_I2C_Init                            0x0800336d   Thumb Code    86  oled.o(i.OLED_I2C_Init)
    OLED_I2C_SendByte                        0x080033cd   Thumb Code    94  oled.o(i.OLED_I2C_SendByte)
    OLED_I2C_Start                           0x08003431   Thumb Code    52  oled.o(i.OLED_I2C_Start)
    OLED_I2C_Stop                            0x08003469   Thumb Code    42  oled.o(i.OLED_I2C_Stop)
    OLED_Init                                0x08003499   Thumb Code   172  oled.o(i.OLED_Init)
    OLED_SetCursor                           0x08003545   Thumb Code    34  oled.o(i.OLED_SetCursor)
    OLED_ShowChar                            0x08003569   Thumb Code    98  oled.o(i.OLED_ShowChar)
    OLED_ShowString                          0x080035d1   Thumb Code    38  oled.o(i.OLED_ShowString)
    OLED_WriteCommand                        0x080035f7   Thumb Code    34  oled.o(i.OLED_WriteCommand)
    OLED_WriteData                           0x08003619   Thumb Code    34  oled.o(i.OLED_WriteData)
    PendSV_Handler                           0x0800363b   Thumb Code     2  stm32f1xx_it.o(i.PendSV_Handler)
    SVC_Handler                              0x0800363d   Thumb Code     2  stm32f1xx_it.o(i.SVC_Handler)
    SysTick_Handler                          0x0800363f   Thumb Code     4  stm32f1xx_it.o(i.SysTick_Handler)
    SystemClock_Config                       0x08003643   Thumb Code    94  main.o(i.SystemClock_Config)
    SystemInit                               0x080036a1   Thumb Code     2  system_stm32f1xx.o(i.SystemInit)
    TIM4_IRQHandler                          0x080036a5   Thumb Code     6  stm32f1xx_it.o(i.TIM4_IRQHandler)
    TIM_Base_SetConfig                       0x080036b1   Thumb Code   108  stm32f1xx_hal_tim.o(i.TIM_Base_SetConfig)
    TIM_CCxChannelCmd                        0x08003729   Thumb Code    26  stm32f1xx_hal_tim.o(i.TIM_CCxChannelCmd)
    TIM_ETR_SetConfig                        0x08003743   Thumb Code    20  stm32f1xx_hal_tim.o(i.TIM_ETR_SetConfig)
    TIM_OC2_SetConfig                        0x080037b9   Thumb Code    84  stm32f1xx_hal_tim.o(i.TIM_OC2_SetConfig)
    UsageFault_Handler                       0x08003a6b   Thumb Code     2  stm32f1xx_it.o(i.UsageFault_Handler)
    __ARM_fpclassify                         0x08003a6d   Thumb Code    40  fpclassify.o(i.__ARM_fpclassify)
    __ARM_fpclassifyf                        0x08003a95   Thumb Code    38  fpclassifyf.o(i.__ARM_fpclassifyf)
    __mathlib_flt_infnan2                    0x08003adb   Thumb Code     4  funder.o(i.__mathlib_flt_infnan2)
    __mathlib_flt_underflow                  0x08003adf   Thumb Code    10  funder.o(i.__mathlib_flt_underflow)
    _is_digit                                0x08003ae9   Thumb Code    14  __printf_wp.o(i._is_digit)
    atan2f                                   0x08003af9   Thumb Code   528  atan2f.o(i.atan2f)
    calibrate_gyro                           0x08003d55   Thumb Code    58  mpu6050.o(i.calibrate_gyro)
    datavision_send                          0x08003d99   Thumb Code   126  pid.o(i.datavision_send)
    key_proc                                 0x08003e29   Thumb Code   152  main.o(i.key_proc)
    key_task                                 0x08003ed1   Thumb Code   160  key.o(i.key_task)
    main                                     0x08003f7d   Thumb Code   480  main.o(i.main)
    pid_Init                                 0x080041e5   Thumb Code    16  pid.o(i.pid_Init)
    pid_cal_motor                            0x080041f5   Thumb Code   182  pid.o(i.pid_cal_motor)
    pid_control                              0x080042ad   Thumb Code   184  pid.o(i.pid_control)
    pid_set_tar_speed                        0x08004381   Thumb Code    26  pid.o(i.pid_set_tar_speed)
    pidout_limit                             0x080043a1   Thumb Code    18  pid.o(i.pidout_limit)
    track                                    0x080043bd   Thumb Code   230  gray_track.o(i.track)
    track_error                              0x080044b5   Thumb Code   168  gray_track.o(i.track_error)
    _get_lc_numeric                          0x08004575   Thumb Code    44  lc_numeric_c.o(locale$$code)
    __aeabi_d2f                              0x080045a1   Thumb Code     0  d2f.o(x$fpl$d2f)
    _d2f                                     0x080045a1   Thumb Code    98  d2f.o(x$fpl$d2f)
    __aeabi_dadd                             0x08004605   Thumb Code     0  daddsub_clz.o(x$fpl$dadd)
    _dadd                                    0x08004605   Thumb Code   332  daddsub_clz.o(x$fpl$dadd)
    __aeabi_d2iz                             0x08004755   Thumb Code     0  dfix.o(x$fpl$dfix)
    _dfix                                    0x08004755   Thumb Code    94  dfix.o(x$fpl$dfix)
    __aeabi_i2d                              0x080047b3   Thumb Code     0  dflt_clz.o(x$fpl$dflt)
    _dflt                                    0x080047b3   Thumb Code    46  dflt_clz.o(x$fpl$dflt)
    __aeabi_dmul                             0x080047e1   Thumb Code     0  dmul.o(x$fpl$dmul)
    _dmul                                    0x080047e1   Thumb Code   332  dmul.o(x$fpl$dmul)
    __fpl_dnaninf                            0x08004935   Thumb Code   156  dnaninf.o(x$fpl$dnaninf)
    __fpl_dretinf                            0x080049d1   Thumb Code    12  dretinf.o(x$fpl$dretinf)
    __aeabi_drsub                            0x080049dd   Thumb Code     0  daddsub_clz.o(x$fpl$drsb)
    _drsb                                    0x080049dd   Thumb Code    22  daddsub_clz.o(x$fpl$drsb)
    __aeabi_dsub                             0x080049f5   Thumb Code     0  daddsub_clz.o(x$fpl$dsub)
    _dsub                                    0x080049f5   Thumb Code   464  daddsub_clz.o(x$fpl$dsub)
    __aeabi_f2d                              0x08004bc9   Thumb Code     0  f2d.o(x$fpl$f2d)
    _f2d                                     0x08004bc9   Thumb Code    86  f2d.o(x$fpl$f2d)
    __aeabi_fadd                             0x08004c21   Thumb Code     0  faddsub_clz.o(x$fpl$fadd)
    _fadd                                    0x08004c21   Thumb Code   196  faddsub_clz.o(x$fpl$fadd)
    __fpl_fcheck_NaN1                        0x08004ce5   Thumb Code     6  fcheck1.o(x$fpl$fcheck1)
    __aeabi_fdiv                             0x08004cf1   Thumb Code     0  fdiv.o(x$fpl$fdiv)
    _fdiv                                    0x08004cf1   Thumb Code   384  fdiv.o(x$fpl$fdiv)
    __aeabi_f2iz                             0x08004e75   Thumb Code     0  ffix.o(x$fpl$ffix)
    _ffix                                    0x08004e75   Thumb Code    54  ffix.o(x$fpl$ffix)
    __aeabi_f2uiz                            0x08004ead   Thumb Code     0  ffixu.o(x$fpl$ffixu)
    _ffixu                                   0x08004ead   Thumb Code    62  ffixu.o(x$fpl$ffixu)
    __aeabi_i2f                              0x08004eed   Thumb Code     0  fflt_clz.o(x$fpl$fflt)
    _fflt                                    0x08004eed   Thumb Code    48  fflt_clz.o(x$fpl$fflt)
    __aeabi_fmul                             0x08004f1d   Thumb Code     0  fmul.o(x$fpl$fmul)
    _fmul                                    0x08004f1d   Thumb Code   258  fmul.o(x$fpl$fmul)
    __fpl_fnaninf                            0x0800501f   Thumb Code   140  fnaninf.o(x$fpl$fnaninf)
    __fpl_fretinf                            0x080050ab   Thumb Code    10  fretinf.o(x$fpl$fretinf)
    __aeabi_frsub                            0x080050b5   Thumb Code     0  faddsub_clz.o(x$fpl$frsb)
    _frsb                                    0x080050b5   Thumb Code    20  faddsub_clz.o(x$fpl$frsb)
    __aeabi_fsub                             0x080050c9   Thumb Code     0  faddsub_clz.o(x$fpl$fsub)
    _fsub                                    0x080050c9   Thumb Code   234  faddsub_clz.o(x$fpl$fsub)
    _printf_fp_dec                           0x080051b3   Thumb Code     4  printf1.o(x$fpl$printf1)
    __fpl_return_NaN                         0x080051b7   Thumb Code   100  retnan.o(x$fpl$retnan)
    __ARM_scalbnf                            0x0800521b   Thumb Code    76  scalbnf.o(x$fpl$scalbnf)
    __fpl_cmpreturn                          0x08005267   Thumb Code    48  trapv.o(x$fpl$trapveneer)
    __I$use$fp                               0x08005296   Number         0  usenofp.o(x$fpl$usenofp)
    AHBPrescTable                            0x080052a8   Data          16  system_stm32f1xx.o(.constdata)
    APBPrescTable                            0x080052b8   Data           8  system_stm32f1xx.o(.constdata)
    OLED_F8x16                               0x080052c0   Data        1520  oled.o(.constdata)
    Region$$Table$$Base                      0x08005944   Number         0  anon$$obj.o(Region$$Table)
    Region$$Table$$Limit                     0x08005964   Number         0  anon$$obj.o(Region$$Table)
    MPUDisp_Flag                             0x20000000   Data           1  main.o(.data)
    Data_Flag                                0x20000001   Data           1  main.o(.data)
    State                                    0x20000002   Data           1  main.o(.data)
    Selt_para                                0x20000003   Data           1  main.o(.data)
    uwTickFreq                               0x20000004   Data           1  stm32f1xx_hal.o(.data)
    uwTickPrio                               0x20000008   Data           4  stm32f1xx_hal.o(.data)
    uwTick                                   0x2000000c   Data           4  stm32f1xx_hal.o(.data)
    SystemCoreClock                          0x20000010   Data           4  system_stm32f1xx.o(.data)
    total_left                               0x20000014   Data           4  motor.o(.data)
    total_right                              0x20000018   Data           4  motor.o(.data)
    last_err                                 0x2000001c   Data           4  gray_track.o(.data)
    Kp                                       0x20000020   Data           4  gray_track.o(.data)
    Kd                                       0x20000024   Data           4  gray_track.o(.data)
    Kpp                                      0x20000028   Data           4  gray_track.o(.data)
    Kdd                                      0x2000002c   Data           4  gray_track.o(.data)
    ax                                       0x20000030   Data           2  mpu6050.o(.data)
    ay                                       0x20000032   Data           2  mpu6050.o(.data)
    az                                       0x20000034   Data           2  mpu6050.o(.data)
    gx                                       0x20000036   Data           2  mpu6050.o(.data)
    gy                                       0x20000038   Data           2  mpu6050.o(.data)
    gz                                       0x2000003a   Data           2  mpu6050.o(.data)
    gyro_zero_z                              0x2000003c   Data           4  mpu6050.o(.data)
    yaw_gyro                                 0x20000040   Data           4  mpu6050.o(.data)
    hmc_x                                    0x20000044   Data           2  hmc5883l.o(.data)
    hmc_y                                    0x20000046   Data           2  hmc5883l.o(.data)
    hmc_z                                    0x20000048   Data           2  hmc5883l.o(.data)
    hmc_x_cal                                0x2000004c   Data           4  hmc5883l.o(.data)
    hmc_y_cal                                0x20000050   Data           4  hmc5883l.o(.data)
    yaw_hmc                                  0x20000054   Data           4  hmc5883l.o(.data)
    Text                                     0x20000058   Data          30  main.o(.bss)
    hi2c2                                    0x20000078   Data          84  i2c.o(.bss)
    htim1                                    0x200000cc   Data          72  tim.o(.bss)
    htim2                                    0x20000114   Data          72  tim.o(.bss)
    htim3                                    0x2000015c   Data          72  tim.o(.bss)
    htim4                                    0x200001a4   Data          72  tim.o(.bss)
    huart1                                   0x200001ec   Data          72  usart.o(.bss)
    MotorAR                                  0x20000234   Data          52  pid.o(.bss)
    MotorBL                                  0x20000268   Data          52  pid.o(.bss)
    angle                                    0x2000029c   Data          52  pid.o(.bss)
    KEYS                                     0x200002d0   Data          48  key.o(.bss)
    __libspace_start                         0x20000300   Data          96  libspace.o(.bss)
    __temporary_stack_top$libspace           0x20000360   Data           0  libspace.o(.bss)



==============================================================================

Memory Map of the image

  Image Entry point : 0x080000ed

  Load Region LR_IROM1 (Base: 0x08000000, Size: 0x000059d8, Max: 0x00010000, ABSOLUTE)

    Execution Region ER_IROM1 (Exec base: 0x08000000, Load base: 0x08000000, Size: 0x00005980, Max: 0x00010000, ABSOLUTE)

    Exec Addr    Load Addr    Size         Type   Attr      Idx    E Section Name        Object

    0x08000000   0x08000000   0x000000ec   Data   RO            3    RESET               startup_stm32f103xb.o
    0x080000ec   0x080000ec   0x00000008   Code   RO         4101  * !!!main             c_w.l(__main.o)
    0x080000f4   0x080000f4   0x00000034   Code   RO         4410    !!!scatter          c_w.l(__scatter.o)
    0x08000128   0x08000128   0x0000001a   Code   RO         4412    !!handler_copy      c_w.l(__scatter_copy.o)
    0x08000142   0x08000142   0x00000002   PAD
    0x08000144   0x08000144   0x0000001c   Code   RO         4414    !!handler_zi        c_w.l(__scatter_zi.o)
    0x08000160   0x08000160   0x00000000   Code   RO         4096    .ARM.Collect$$_printf_percent$$00000000  c_w.l(_printf_percent.o)
    0x08000160   0x08000160   0x00000006   Code   RO         4095    .ARM.Collect$$_printf_percent$$00000003  c_w.l(_printf_f.o)
    0x08000166   0x08000166   0x00000004   Code   RO         4174    .ARM.Collect$$_printf_percent$$00000017  c_w.l(_printf_percent_end.o)
    0x0800016a   0x0800016a   0x00000002   Code   RO         4281    .ARM.Collect$$libinit$$00000000  c_w.l(libinit.o)
    0x0800016c   0x0800016c   0x00000000   Code   RO         4283    .ARM.Collect$$libinit$$00000002  c_w.l(libinit2.o)
    0x0800016c   0x0800016c   0x00000000   Code   RO         4285    .ARM.Collect$$libinit$$00000004  c_w.l(libinit2.o)
    0x0800016c   0x0800016c   0x00000000   Code   RO         4288    .ARM.Collect$$libinit$$0000000A  c_w.l(libinit2.o)
    0x0800016c   0x0800016c   0x00000000   Code   RO         4290    .ARM.Collect$$libinit$$0000000C  c_w.l(libinit2.o)
    0x0800016c   0x0800016c   0x00000000   Code   RO         4292    .ARM.Collect$$libinit$$0000000E  c_w.l(libinit2.o)
    0x0800016c   0x0800016c   0x00000006   Code   RO         4293    .ARM.Collect$$libinit$$0000000F  c_w.l(libinit2.o)
    0x08000172   0x08000172   0x00000000   Code   RO         4295    .ARM.Collect$$libinit$$00000011  c_w.l(libinit2.o)
    0x08000172   0x08000172   0x00000000   Code   RO         4297    .ARM.Collect$$libinit$$00000013  c_w.l(libinit2.o)
    0x08000172   0x08000172   0x00000000   Code   RO         4299    .ARM.Collect$$libinit$$00000015  c_w.l(libinit2.o)
    0x08000172   0x08000172   0x0000000a   Code   RO         4300    .ARM.Collect$$libinit$$00000016  c_w.l(libinit2.o)
    0x0800017c   0x0800017c   0x00000000   Code   RO         4301    .ARM.Collect$$libinit$$00000017  c_w.l(libinit2.o)
    0x0800017c   0x0800017c   0x00000000   Code   RO         4303    .ARM.Collect$$libinit$$00000019  c_w.l(libinit2.o)
    0x0800017c   0x0800017c   0x00000000   Code   RO         4305    .ARM.Collect$$libinit$$0000001B  c_w.l(libinit2.o)
    0x0800017c   0x0800017c   0x00000000   Code   RO         4307    .ARM.Collect$$libinit$$0000001D  c_w.l(libinit2.o)
    0x0800017c   0x0800017c   0x00000000   Code   RO         4309    .ARM.Collect$$libinit$$0000001F  c_w.l(libinit2.o)
    0x0800017c   0x0800017c   0x00000000   Code   RO         4311    .ARM.Collect$$libinit$$00000021  c_w.l(libinit2.o)
    0x0800017c   0x0800017c   0x00000000   Code   RO         4313    .ARM.Collect$$libinit$$00000023  c_w.l(libinit2.o)
    0x0800017c   0x0800017c   0x00000000   Code   RO         4315    .ARM.Collect$$libinit$$00000025  c_w.l(libinit2.o)
    0x0800017c   0x0800017c   0x00000000   Code   RO         4319    .ARM.Collect$$libinit$$0000002C  c_w.l(libinit2.o)
    0x0800017c   0x0800017c   0x00000000   Code   RO         4321    .ARM.Collect$$libinit$$0000002E  c_w.l(libinit2.o)
    0x0800017c   0x0800017c   0x00000000   Code   RO         4323    .ARM.Collect$$libinit$$00000030  c_w.l(libinit2.o)
    0x0800017c   0x0800017c   0x00000000   Code   RO         4325    .ARM.Collect$$libinit$$00000032  c_w.l(libinit2.o)
    0x0800017c   0x0800017c   0x00000002   Code   RO         4326    .ARM.Collect$$libinit$$00000033  c_w.l(libinit2.o)
    0x0800017e   0x0800017e   0x00000002   Code   RO         4358    .ARM.Collect$$libshutdown$$00000000  c_w.l(libshutdown.o)
    0x08000180   0x08000180   0x00000000   Code   RO         4369    .ARM.Collect$$libshutdown$$00000002  c_w.l(libshutdown2.o)
    0x08000180   0x08000180   0x00000000   Code   RO         4371    .ARM.Collect$$libshutdown$$00000004  c_w.l(libshutdown2.o)
    0x08000180   0x08000180   0x00000000   Code   RO         4374    .ARM.Collect$$libshutdown$$00000007  c_w.l(libshutdown2.o)
    0x08000180   0x08000180   0x00000000   Code   RO         4377    .ARM.Collect$$libshutdown$$0000000A  c_w.l(libshutdown2.o)
    0x08000180   0x08000180   0x00000000   Code   RO         4379    .ARM.Collect$$libshutdown$$0000000C  c_w.l(libshutdown2.o)
    0x08000180   0x08000180   0x00000000   Code   RO         4382    .ARM.Collect$$libshutdown$$0000000F  c_w.l(libshutdown2.o)
    0x08000180   0x08000180   0x00000002   Code   RO         4383    .ARM.Collect$$libshutdown$$00000010  c_w.l(libshutdown2.o)
    0x08000182   0x08000182   0x00000000   Code   RO         4163    .ARM.Collect$$rtentry$$00000000  c_w.l(__rtentry.o)
    0x08000182   0x08000182   0x00000000   Code   RO         4203    .ARM.Collect$$rtentry$$00000002  c_w.l(__rtentry2.o)
    0x08000182   0x08000182   0x00000006   Code   RO         4215    .ARM.Collect$$rtentry$$00000004  c_w.l(__rtentry4.o)
    0x08000188   0x08000188   0x00000000   Code   RO         4205    .ARM.Collect$$rtentry$$00000009  c_w.l(__rtentry2.o)
    0x08000188   0x08000188   0x00000004   Code   RO         4206    .ARM.Collect$$rtentry$$0000000A  c_w.l(__rtentry2.o)
    0x0800018c   0x0800018c   0x00000000   Code   RO         4208    .ARM.Collect$$rtentry$$0000000C  c_w.l(__rtentry2.o)
    0x0800018c   0x0800018c   0x00000008   Code   RO         4209    .ARM.Collect$$rtentry$$0000000D  c_w.l(__rtentry2.o)
    0x08000194   0x08000194   0x00000002   Code   RO         4329    .ARM.Collect$$rtexit$$00000000  c_w.l(rtexit.o)
    0x08000196   0x08000196   0x00000000   Code   RO         4336    .ARM.Collect$$rtexit$$00000002  c_w.l(rtexit2.o)
    0x08000196   0x08000196   0x00000004   Code   RO         4337    .ARM.Collect$$rtexit$$00000003  c_w.l(rtexit2.o)
    0x0800019a   0x0800019a   0x00000006   Code   RO         4338    .ARM.Collect$$rtexit$$00000004  c_w.l(rtexit2.o)
    0x080001a0   0x080001a0   0x00000040   Code   RO            4    .text               startup_stm32f103xb.o
    0x080001e0   0x080001e0   0x00000034   Code   RO         4071    .text               c_w.l(noretval__2snprintf.o)
    0x08000214   0x08000214   0x0000010e   Code   RO         4083    .text               c_w.l(__printf_wp.o)
    0x08000322   0x08000322   0x0000004e   Code   RO         4097    .text               c_w.l(rt_memclr_w.o)
    0x08000370   0x08000370   0x00000006   Code   RO         4099    .text               c_w.l(heapauxi.o)
    0x08000376   0x08000376   0x0000041e   Code   RO         4166    .text               c_w.l(_printf_fp_dec.o)
    0x08000794   0x08000794   0x00000030   Code   RO         4168    .text               c_w.l(_printf_char_common.o)
    0x080007c4   0x080007c4   0x0000000a   Code   RO         4170    .text               c_w.l(_sputc.o)
    0x080007ce   0x080007ce   0x00000010   Code   RO         4172    .text               c_w.l(_snputc.o)
    0x080007de   0x080007de   0x00000002   PAD
    0x080007e0   0x080007e0   0x00000008   Code   RO         4220    .text               c_w.l(rt_locale_intlibspace.o)
    0x080007e8   0x080007e8   0x0000008a   Code   RO         4227    .text               c_w.l(lludiv10.o)
    0x08000872   0x08000872   0x00000002   PAD
    0x08000874   0x08000874   0x00000080   Code   RO         4229    .text               c_w.l(_printf_fp_infnan.o)
    0x080008f4   0x080008f4   0x000000e4   Code   RO         4233    .text               c_w.l(bigflt0.o)
    0x080009d8   0x080009d8   0x00000008   Code   RO         4267    .text               c_w.l(libspace.o)
    0x080009e0   0x080009e0   0x0000004a   Code   RO         4270    .text               c_w.l(sys_stackheap_outer.o)
    0x08000a2a   0x08000a2a   0x00000012   Code   RO         4272    .text               c_w.l(exit.o)
    0x08000a3c   0x08000a3c   0x00000080   Code   RO         4274    .text               c_w.l(strcmpv7m.o)
    0x08000abc   0x08000abc   0x0000000c   Code   RO         4348    .text               c_w.l(sys_exit.o)
    0x08000ac8   0x08000ac8   0x00000002   Code   RO         4359    .text               c_w.l(use_no_semi.o)
    0x08000aca   0x08000aca   0x00000000   Code   RO         4361    .text               c_w.l(indicate_semi.o)
    0x08000aca   0x08000aca   0x0000003e   Code   RO         4236    CL$$btod_d2e        c_w.l(btod.o)
    0x08000b08   0x08000b08   0x00000046   Code   RO         4238    CL$$btod_d2e_denorm_low  c_w.l(btod.o)
    0x08000b4e   0x08000b4e   0x00000060   Code   RO         4237    CL$$btod_d2e_norm_op1  c_w.l(btod.o)
    0x08000bae   0x08000bae   0x00000338   Code   RO         4246    CL$$btod_div_common  c_w.l(btod.o)
    0x08000ee6   0x08000ee6   0x000000dc   Code   RO         4243    CL$$btod_e2e        c_w.l(btod.o)
    0x08000fc2   0x08000fc2   0x0000002a   Code   RO         4240    CL$$btod_ediv       c_w.l(btod.o)
    0x08000fec   0x08000fec   0x0000002a   Code   RO         4239    CL$$btod_emul       c_w.l(btod.o)
    0x08001016   0x08001016   0x00000244   Code   RO         4245    CL$$btod_mult_common  c_w.l(btod.o)
    0x0800125a   0x0800125a   0x00000002   Code   RO          496    i.BusFault_Handler  stm32f1xx_it.o
    0x0800125c   0x0800125c   0x00000002   Code   RO          497    i.DebugMon_Handler  stm32f1xx_it.o
    0x0800125e   0x0800125e   0x00000006   Code   RO          498    i.EXTI9_5_IRQHandler  stm32f1xx_it.o
    0x08001264   0x08001264   0x00000004   Code   RO           13    i.Error_Handler     main.o
    0x08001268   0x08001268   0x00000024   Code   RO         1088    i.HAL_Delay         stm32f1xx_hal.o
    0x0800128c   0x0800128c   0x00000002   Code   RO           14    i.HAL_GPIO_EXTI_Callback  main.o
    0x0800128e   0x0800128e   0x00000002   PAD
    0x08001290   0x08001290   0x00000018   Code   RO         1397    i.HAL_GPIO_EXTI_IRQHandler  stm32f1xx_hal_gpio.o
    0x080012a8   0x080012a8   0x000001e0   Code   RO         1398    i.HAL_GPIO_Init     stm32f1xx_hal_gpio.o
    0x08001488   0x08001488   0x0000000a   Code   RO         1400    i.HAL_GPIO_ReadPin  stm32f1xx_hal_gpio.o
    0x08001492   0x08001492   0x0000000a   Code   RO         1402    i.HAL_GPIO_WritePin  stm32f1xx_hal_gpio.o
    0x0800149c   0x0800149c   0x0000000c   Code   RO         1092    i.HAL_GetTick       stm32f1xx_hal.o
    0x080014a8   0x080014a8   0x00000188   Code   RO          655    i.HAL_I2C_Init      stm32f1xx_hal_i2c.o
    0x08001630   0x08001630   0x0000025c   Code   RO          673    i.HAL_I2C_Mem_Read  stm32f1xx_hal_i2c.o
    0x0800188c   0x0800188c   0x00000130   Code   RO          676    i.HAL_I2C_Mem_Write  stm32f1xx_hal_i2c.o
    0x080019bc   0x080019bc   0x00000060   Code   RO          335    i.HAL_I2C_MspInit   i2c.o
    0x08001a1c   0x08001a1c   0x00000010   Code   RO         1098    i.HAL_IncTick       stm32f1xx_hal.o
    0x08001a2c   0x08001a2c   0x00000024   Code   RO         1099    i.HAL_Init          stm32f1xx_hal.o
    0x08001a50   0x08001a50   0x00000040   Code   RO         1100    i.HAL_InitTick      stm32f1xx_hal.o
    0x08001a90   0x08001a90   0x0000003c   Code   RO          584    i.HAL_MspInit       stm32f1xx_hal_msp.o
    0x08001acc   0x08001acc   0x0000001a   Code   RO         1558    i.HAL_NVIC_EnableIRQ  stm32f1xx_hal_cortex.o
    0x08001ae6   0x08001ae6   0x00000002   PAD
    0x08001ae8   0x08001ae8   0x00000040   Code   RO         1564    i.HAL_NVIC_SetPriority  stm32f1xx_hal_cortex.o
    0x08001b28   0x08001b28   0x00000024   Code   RO         1565    i.HAL_NVIC_SetPriorityGrouping  stm32f1xx_hal_cortex.o
    0x08001b4c   0x08001b4c   0x0000012c   Code   RO         1256    i.HAL_RCC_ClockConfig  stm32f1xx_hal_rcc.o
    0x08001c78   0x08001c78   0x00000020   Code   RO         1263    i.HAL_RCC_GetPCLK1Freq  stm32f1xx_hal_rcc.o
    0x08001c98   0x08001c98   0x00000020   Code   RO         1264    i.HAL_RCC_GetPCLK2Freq  stm32f1xx_hal_rcc.o
    0x08001cb8   0x08001cb8   0x0000004c   Code   RO         1265    i.HAL_RCC_GetSysClockFreq  stm32f1xx_hal_rcc.o
    0x08001d04   0x08001d04   0x00000320   Code   RO         1268    i.HAL_RCC_OscConfig  stm32f1xx_hal_rcc.o
    0x08002024   0x08002024   0x00000028   Code   RO         1569    i.HAL_SYSTICK_Config  stm32f1xx_hal_cortex.o
    0x0800204c   0x0800204c   0x00000002   Code   RO         2764    i.HAL_TIMEx_BreakCallback  stm32f1xx_hal_tim_ex.o
    0x0800204e   0x0800204e   0x00000002   Code   RO         2765    i.HAL_TIMEx_CommutCallback  stm32f1xx_hal_tim_ex.o
    0x08002050   0x08002050   0x00000054   Code   RO         2767    i.HAL_TIMEx_ConfigBreakDeadTime  stm32f1xx_hal_tim_ex.o
    0x080020a4   0x080020a4   0x00000068   Code   RO         2783    i.HAL_TIMEx_MasterConfigSynchronization  stm32f1xx_hal_tim_ex.o
    0x0800210c   0x0800210c   0x0000005a   Code   RO         2060    i.HAL_TIM_Base_Init  stm32f1xx_hal_tim.o
    0x08002166   0x08002166   0x00000002   PAD
    0x08002168   0x08002168   0x00000054   Code   RO          377    i.HAL_TIM_Base_MspInit  tim.o
    0x080021bc   0x080021bc   0x00000058   Code   RO         2065    i.HAL_TIM_Base_Start_IT  stm32f1xx_hal_tim.o
    0x08002214   0x08002214   0x000000dc   Code   RO         2069    i.HAL_TIM_ConfigClockSource  stm32f1xx_hal_tim.o
    0x080022f0   0x080022f0   0x000000a4   Code   RO         2081    i.HAL_TIM_Encoder_Init  stm32f1xx_hal_tim.o
    0x08002394   0x08002394   0x00000080   Code   RO          379    i.HAL_TIM_Encoder_MspInit  tim.o
    0x08002414   0x08002414   0x0000008e   Code   RO         2084    i.HAL_TIM_Encoder_Start  stm32f1xx_hal_tim.o
    0x080024a2   0x080024a2   0x00000002   Code   RO         2094    i.HAL_TIM_IC_CaptureCallback  stm32f1xx_hal_tim.o
    0x080024a4   0x080024a4   0x00000130   Code   RO         2108    i.HAL_TIM_IRQHandler  stm32f1xx_hal_tim.o
    0x080025d4   0x080025d4   0x0000004c   Code   RO          380    i.HAL_TIM_MspPostInit  tim.o
    0x08002620   0x08002620   0x00000002   Code   RO         2111    i.HAL_TIM_OC_DelayElapsedCallback  stm32f1xx_hal_tim.o
    0x08002622   0x08002622   0x000000cc   Code   RO         2132    i.HAL_TIM_PWM_ConfigChannel  stm32f1xx_hal_tim.o
    0x080026ee   0x080026ee   0x0000005a   Code   RO         2135    i.HAL_TIM_PWM_Init  stm32f1xx_hal_tim.o
    0x08002748   0x08002748   0x00000002   Code   RO         2137    i.HAL_TIM_PWM_MspInit  stm32f1xx_hal_tim.o
    0x0800274a   0x0800274a   0x00000002   Code   RO         2138    i.HAL_TIM_PWM_PulseFinishedCallback  stm32f1xx_hal_tim.o
    0x0800274c   0x0800274c   0x0000009c   Code   RO         2140    i.HAL_TIM_PWM_Start  stm32f1xx_hal_tim.o
    0x080027e8   0x080027e8   0x00000024   Code   RO           15    i.HAL_TIM_PeriodElapsedCallback  main.o
    0x0800280c   0x0800280c   0x00000002   Code   RO         2151    i.HAL_TIM_TriggerCallback  stm32f1xx_hal_tim.o
    0x0800280e   0x0800280e   0x00000064   Code   RO         3061    i.HAL_UART_Init     stm32f1xx_hal_uart.o
    0x08002872   0x08002872   0x00000002   PAD
    0x08002874   0x08002874   0x00000080   Code   RO          455    i.HAL_UART_MspInit  usart.o
    0x080028f4   0x080028f4   0x000000a0   Code   RO         3069    i.HAL_UART_Transmit  stm32f1xx_hal_uart.o
    0x08002994   0x08002994   0x00000034   Code   RO         3834    i.HMC5883L_GetData  hmc5883l.o
    0x080029c8   0x080029c8   0x00000034   Code   RO         3835    i.HMC5883L_Init     hmc5883l.o
    0x080029fc   0x080029fc   0x0000001c   Code   RO         3837    i.HMC5883L_ReadBytes  hmc5883l.o
    0x08002a18   0x08002a18   0x00000024   Code   RO         3838    i.HMC5883L_Write    hmc5883l.o
    0x08002a3c   0x08002a3c   0x00000002   Code   RO          499    i.HardFault_Handler  stm32f1xx_it.o
    0x08002a3e   0x08002a3e   0x0000002e   Code   RO          698    i.I2C_IsAcknowledgeFailed  stm32f1xx_hal_i2c.o
    0x08002a6c   0x08002a6c   0x000000fc   Code   RO          708    i.I2C_RequestMemoryRead  stm32f1xx_hal_i2c.o
    0x08002b68   0x08002b68   0x000000a8   Code   RO          709    i.I2C_RequestMemoryWrite  stm32f1xx_hal_i2c.o
    0x08002c10   0x08002c10   0x00000056   Code   RO          713    i.I2C_WaitOnBTFFlagUntilTimeout  stm32f1xx_hal_i2c.o
    0x08002c66   0x08002c66   0x00000002   PAD
    0x08002c68   0x08002c68   0x00000090   Code   RO          714    i.I2C_WaitOnFlagUntilTimeout  stm32f1xx_hal_i2c.o
    0x08002cf8   0x08002cf8   0x000000bc   Code   RO          715    i.I2C_WaitOnMasterAddressFlagUntilTimeout  stm32f1xx_hal_i2c.o
    0x08002db4   0x08002db4   0x00000070   Code   RO          716    i.I2C_WaitOnRXNEFlagUntilTimeout  stm32f1xx_hal_i2c.o
    0x08002e24   0x08002e24   0x00000056   Code   RO          717    i.I2C_WaitOnTXEFlagUntilTimeout  stm32f1xx_hal_i2c.o
    0x08002e7a   0x08002e7a   0x00000002   PAD
    0x08002e7c   0x08002e7c   0x00000050   Code   RO         3767    i.MPU6050_GetData   mpu6050.o
    0x08002ecc   0x08002ecc   0x0000001c   Code   RO         3770    i.MPU6050_ReadBytes  mpu6050.o
    0x08002ee8   0x08002ee8   0x00000134   Code   RO          222    i.MX_GPIO_Init      gpio.o
    0x0800301c   0x0800301c   0x00000040   Code   RO          336    i.MX_I2C2_Init      i2c.o
    0x0800305c   0x0800305c   0x000000e8   Code   RO          381    i.MX_TIM1_Init      tim.o
    0x08003144   0x08003144   0x00000068   Code   RO          382    i.MX_TIM2_Init      tim.o
    0x080031ac   0x080031ac   0x0000006c   Code   RO          383    i.MX_TIM3_Init      tim.o
    0x08003218   0x08003218   0x00000068   Code   RO          384    i.MX_TIM4_Init      tim.o
    0x08003280   0x08003280   0x00000038   Code   RO          456    i.MX_USART1_UART_Init  usart.o
    0x080032b8   0x080032b8   0x00000002   Code   RO          500    i.MemManage_Handler  stm32f1xx_it.o
    0x080032ba   0x080032ba   0x00000002   PAD
    0x080032bc   0x080032bc   0x00000038   Code   RO         3432    i.MotorAR_set       motor.o
    0x080032f4   0x080032f4   0x0000000c   Code   RO         3433    i.MotorAR_start     motor.o
    0x08003300   0x08003300   0x00000038   Code   RO         3435    i.MotorBL_set       motor.o
    0x08003338   0x08003338   0x0000000c   Code   RO         3436    i.MotorBL_start     motor.o
    0x08003344   0x08003344   0x00000002   Code   RO          501    i.NMI_Handler       stm32f1xx_it.o
    0x08003346   0x08003346   0x00000026   Code   RO         3588    i.OLED_Clear        oled.o
    0x0800336c   0x0800336c   0x00000060   Code   RO         3591    i.OLED_I2C_Init     oled.o
    0x080033cc   0x080033cc   0x00000064   Code   RO         3592    i.OLED_I2C_SendByte  oled.o
    0x08003430   0x08003430   0x00000038   Code   RO         3593    i.OLED_I2C_Start    oled.o
    0x08003468   0x08003468   0x00000030   Code   RO         3594    i.OLED_I2C_Stop     oled.o
    0x08003498   0x08003498   0x000000ac   Code   RO         3595    i.OLED_Init         oled.o
    0x08003544   0x08003544   0x00000022   Code   RO         3597    i.OLED_SetCursor    oled.o
    0x08003566   0x08003566   0x00000002   PAD
    0x08003568   0x08003568   0x00000068   Code   RO         3599    i.OLED_ShowChar     oled.o
    0x080035d0   0x080035d0   0x00000026   Code   RO         3604    i.OLED_ShowString   oled.o
    0x080035f6   0x080035f6   0x00000022   Code   RO         3606    i.OLED_WriteCommand  oled.o
    0x08003618   0x08003618   0x00000022   Code   RO         3607    i.OLED_WriteData    oled.o
    0x0800363a   0x0800363a   0x00000002   Code   RO          502    i.PendSV_Handler    stm32f1xx_it.o
    0x0800363c   0x0800363c   0x00000002   Code   RO          503    i.SVC_Handler       stm32f1xx_it.o
    0x0800363e   0x0800363e   0x00000004   Code   RO          504    i.SysTick_Handler   stm32f1xx_it.o
    0x08003642   0x08003642   0x0000005e   Code   RO           16    i.SystemClock_Config  main.o
    0x080036a0   0x080036a0   0x00000002   Code   RO         3395    i.SystemInit        system_stm32f1xx.o
    0x080036a2   0x080036a2   0x00000002   PAD
    0x080036a4   0x080036a4   0x0000000c   Code   RO          505    i.TIM4_IRQHandler   stm32f1xx_it.o
    0x080036b0   0x080036b0   0x00000078   Code   RO         2153    i.TIM_Base_SetConfig  stm32f1xx_hal_tim.o
    0x08003728   0x08003728   0x0000001a   Code   RO         2154    i.TIM_CCxChannelCmd  stm32f1xx_hal_tim.o
    0x08003742   0x08003742   0x00000014   Code   RO         2164    i.TIM_ETR_SetConfig  stm32f1xx_hal_tim.o
    0x08003756   0x08003756   0x00000010   Code   RO         2165    i.TIM_ITRx_SetConfig  stm32f1xx_hal_tim.o
    0x08003766   0x08003766   0x00000002   PAD
    0x08003768   0x08003768   0x00000050   Code   RO         2166    i.TIM_OC1_SetConfig  stm32f1xx_hal_tim.o
    0x080037b8   0x080037b8   0x00000058   Code   RO         2167    i.TIM_OC2_SetConfig  stm32f1xx_hal_tim.o
    0x08003810   0x08003810   0x00000058   Code   RO         2168    i.TIM_OC3_SetConfig  stm32f1xx_hal_tim.o
    0x08003868   0x08003868   0x00000044   Code   RO         2169    i.TIM_OC4_SetConfig  stm32f1xx_hal_tim.o
    0x080038ac   0x080038ac   0x00000022   Code   RO         2171    i.TIM_TI1_ConfigInputStage  stm32f1xx_hal_tim.o
    0x080038ce   0x080038ce   0x00000024   Code   RO         2173    i.TIM_TI2_ConfigInputStage  stm32f1xx_hal_tim.o
    0x080038f2   0x080038f2   0x0000004e   Code   RO         3084    i.UART_EndRxTransfer  stm32f1xx_hal_uart.o
    0x08003940   0x08003940   0x000000b8   Code   RO         3087    i.UART_SetConfig    stm32f1xx_hal_uart.o
    0x080039f8   0x080039f8   0x00000072   Code   RO         3090    i.UART_WaitOnFlagUntilTimeout  stm32f1xx_hal_uart.o
    0x08003a6a   0x08003a6a   0x00000002   Code   RO          506    i.UsageFault_Handler  stm32f1xx_it.o
    0x08003a6c   0x08003a6c   0x00000028   Code   RO         4265    i.__ARM_fpclassify  m_ws.l(fpclassify.o)
    0x08003a94   0x08003a94   0x00000026   Code   RO         4186    i.__ARM_fpclassifyf  m_ws.l(fpclassifyf.o)
    0x08003aba   0x08003aba   0x00000020   Code   RO         1571    i.__NVIC_SetPriority  stm32f1xx_hal_cortex.o
    0x08003ada   0x08003ada   0x00000004   Code   RO         4190    i.__mathlib_flt_infnan2  m_ws.l(funder.o)
    0x08003ade   0x08003ade   0x0000000a   Code   RO         4194    i.__mathlib_flt_underflow  m_ws.l(funder.o)
    0x08003ae8   0x08003ae8   0x0000000e   Code   RO         4085    i._is_digit         c_w.l(__printf_wp.o)
    0x08003af6   0x08003af6   0x00000002   PAD
    0x08003af8   0x08003af8   0x0000025c   Code   RO         4156    i.atan2f            m_ws.l(atan2f.o)
    0x08003d54   0x08003d54   0x00000044   Code   RO         3772    i.calibrate_gyro    mpu6050.o
    0x08003d98   0x08003d98   0x00000090   Code   RO         3498    i.datavision_send   pid.o
    0x08003e28   0x08003e28   0x000000a8   Code   RO           17    i.key_proc          main.o
    0x08003ed0   0x08003ed0   0x000000ac   Code   RO         4038    i.key_task          key.o
    0x08003f7c   0x08003f7c   0x00000268   Code   RO           18    i.main              main.o
    0x080041e4   0x080041e4   0x00000010   Code   RO         3499    i.pid_Init          pid.o
    0x080041f4   0x080041f4   0x000000b6   Code   RO         3501    i.pid_cal_motor     pid.o
    0x080042aa   0x080042aa   0x00000002   PAD
    0x080042ac   0x080042ac   0x000000d4   Code   RO         3502    i.pid_control       pid.o
    0x08004380   0x08004380   0x00000020   Code   RO         3504    i.pid_set_tar_speed  pid.o
    0x080043a0   0x080043a0   0x0000001c   Code   RO         3505    i.pidout_limit      pid.o
    0x080043bc   0x080043bc   0x000000f8   Code   RO         3727    i.track             gray_track.o
    0x080044b4   0x080044b4   0x000000c0   Code   RO         3728    i.track_error       gray_track.o
    0x08004574   0x08004574   0x0000002c   Code   RO         4259    locale$$code        c_w.l(lc_numeric_c.o)
    0x080045a0   0x080045a0   0x00000062   Code   RO         4103    x$fpl$d2f           fz_ws.l(d2f.o)
    0x08004602   0x08004602   0x00000002   PAD
    0x08004604   0x08004604   0x00000150   Code   RO         4105    x$fpl$dadd          fz_ws.l(daddsub_clz.o)
    0x08004754   0x08004754   0x0000005e   Code   RO         4111    x$fpl$dfix          fz_ws.l(dfix.o)
    0x080047b2   0x080047b2   0x0000002e   Code   RO         4116    x$fpl$dflt          fz_ws.l(dflt_clz.o)
    0x080047e0   0x080047e0   0x00000154   Code   RO         4121    x$fpl$dmul          fz_ws.l(dmul.o)
    0x08004934   0x08004934   0x0000009c   Code   RO         4175    x$fpl$dnaninf       fz_ws.l(dnaninf.o)
    0x080049d0   0x080049d0   0x0000000c   Code   RO         4177    x$fpl$dretinf       fz_ws.l(dretinf.o)
    0x080049dc   0x080049dc   0x00000016   Code   RO         4106    x$fpl$drsb          fz_ws.l(daddsub_clz.o)
    0x080049f2   0x080049f2   0x00000002   PAD
    0x080049f4   0x080049f4   0x000001d4   Code   RO         4107    x$fpl$dsub          fz_ws.l(daddsub_clz.o)
    0x08004bc8   0x08004bc8   0x00000056   Code   RO         4123    x$fpl$f2d           fz_ws.l(f2d.o)
    0x08004c1e   0x08004c1e   0x00000002   PAD
    0x08004c20   0x08004c20   0x000000c4   Code   RO         4125    x$fpl$fadd          fz_ws.l(faddsub_clz.o)
    0x08004ce4   0x08004ce4   0x0000000c   Code   RO         4179    x$fpl$fcheck1       fz_ws.l(fcheck1.o)
    0x08004cf0   0x08004cf0   0x00000184   Code   RO         4132    x$fpl$fdiv          fz_ws.l(fdiv.o)
    0x08004e74   0x08004e74   0x00000036   Code   RO         4135    x$fpl$ffix          fz_ws.l(ffix.o)
    0x08004eaa   0x08004eaa   0x00000002   PAD
    0x08004eac   0x08004eac   0x0000003e   Code   RO         4139    x$fpl$ffixu         fz_ws.l(ffixu.o)
    0x08004eea   0x08004eea   0x00000002   PAD
    0x08004eec   0x08004eec   0x00000030   Code   RO         4144    x$fpl$fflt          fz_ws.l(fflt_clz.o)
    0x08004f1c   0x08004f1c   0x00000102   Code   RO         4149    x$fpl$fmul          fz_ws.l(fmul.o)
    0x0800501e   0x0800501e   0x0000008c   Code   RO         4181    x$fpl$fnaninf       fz_ws.l(fnaninf.o)
    0x080050aa   0x080050aa   0x0000000a   Code   RO         4183    x$fpl$fretinf       fz_ws.l(fretinf.o)
    0x080050b4   0x080050b4   0x00000014   Code   RO         4126    x$fpl$frsb          fz_ws.l(faddsub_clz.o)
    0x080050c8   0x080050c8   0x000000ea   Code   RO         4127    x$fpl$fsub          fz_ws.l(faddsub_clz.o)
    0x080051b2   0x080051b2   0x00000004   Code   RO         4151    x$fpl$printf1       fz_ws.l(printf1.o)
    0x080051b6   0x080051b6   0x00000064   Code   RO         4263    x$fpl$retnan        fz_ws.l(retnan.o)
    0x0800521a   0x0800521a   0x0000004c   Code   RO         4153    x$fpl$scalbnf       fz_ws.l(scalbnf.o)
    0x08005266   0x08005266   0x00000030   Code   RO         4327    x$fpl$trapveneer    fz_ws.l(trapv.o)
    0x08005296   0x08005296   0x00000000   Code   RO         4185    x$fpl$usenofp       fz_ws.l(usenofp.o)
    0x08005296   0x08005296   0x00000012   Data   RO         1269    .constdata          stm32f1xx_hal_rcc.o
    0x080052a8   0x080052a8   0x00000010   Data   RO         3396    .constdata          system_stm32f1xx.o
    0x080052b8   0x080052b8   0x00000008   Data   RO         3397    .constdata          system_stm32f1xx.o
    0x080052c0   0x080052c0   0x000005f0   Data   RO         3608    .constdata          oled.o
    0x080058b0   0x080058b0   0x00000094   Data   RO         4234    .constdata          c_w.l(bigflt0.o)
    0x08005944   0x08005944   0x00000020   Data   RO         4408    Region$$Table       anon$$obj.o
    0x08005964   0x08005964   0x0000001c   Data   RO         4258    locale$$data        c_w.l(lc_numeric_c.o)


    Execution Region RW_IRAM1 (Exec base: 0x20000000, Load base: 0x08005980, Size: 0x00000960, Max: 0x00005000, ABSOLUTE)

    Exec Addr    Load Addr    Size         Type   Attr      Idx    E Section Name        Object

    0x20000000   0x08005980   0x00000004   Data   RW           20    .data               main.o
    0x20000004   0x08005984   0x0000000c   Data   RW         1106    .data               stm32f1xx_hal.o
    0x20000010   0x08005990   0x00000004   Data   RW         3398    .data               system_stm32f1xx.o
    0x20000014   0x08005994   0x00000004   Data   RW         3439    .data               motor.o
    0x20000018   0x08005998   0x00000004   Data   RW         3440    .data               motor.o
    0x2000001c   0x0800599c   0x00000014   Data   RW         3729    .data               gray_track.o
    0x20000030   0x080059b0   0x00000010   Data   RW         3773    .data               mpu6050.o
    0x20000040   0x080059c0   0x00000004   Data   RW         3776    .data               mpu6050.o
    0x20000044   0x080059c4   0x00000002   Data   RW         3839    .data               hmc5883l.o
    0x20000046   0x080059c6   0x00000002   Data   RW         3840    .data               hmc5883l.o
    0x20000048   0x080059c8   0x00000002   Data   RW         3841    .data               hmc5883l.o
    0x2000004a   0x080059ca   0x00000002   PAD
    0x2000004c   0x080059cc   0x00000004   Data   RW         3842    .data               hmc5883l.o
    0x20000050   0x080059d0   0x00000004   Data   RW         3843    .data               hmc5883l.o
    0x20000054   0x080059d4   0x00000004   Data   RW         3845    .data               hmc5883l.o
    0x20000058        -       0x0000001e   Zero   RW           19    .bss                main.o
    0x20000076   0x080059d8   0x00000002   PAD
    0x20000078        -       0x00000054   Zero   RW          337    .bss                i2c.o
    0x200000cc        -       0x00000120   Zero   RW          385    .bss                tim.o
    0x200001ec        -       0x00000048   Zero   RW          457    .bss                usart.o
    0x20000234        -       0x00000068   Zero   RW         3506    .bss                pid.o
    0x2000029c        -       0x00000034   Zero   RW         3507    .bss                pid.o
    0x200002d0        -       0x00000030   Zero   RW         4039    .bss                key.o
    0x20000300        -       0x00000060   Zero   RW         4268    .bss                c_w.l(libspace.o)
    0x20000360        -       0x00000200   Zero   RW            2    HEAP                startup_stm32f103xb.o
    0x20000560        -       0x00000400   Zero   RW            1    STACK               startup_stm32f103xb.o


==============================================================================

Image component sizes


      Code (inc. data)   RO Data    RW Data    ZI Data      Debug   Object Name

       308         22          0          0          0     429767   gpio.o
       440         42          0         20          0       1627   gray_track.o
       168         12          0         18          0       2981   hmc5883l.o
       160         28          0          0         84       1533   i2c.o
       172         12          0          0         48       1330   key.o
       920        160          0          4         30     415038   main.o
       136         26          0          8          0       2307   motor.o
       176         22          0         20          0       2799   mpu6050.o
       754         32       1520          0          0       6756   oled.o
       614         62          0          0        156       4125   pid.o
        64         26        236          0       1536        788   startup_stm32f103xb.o
       164         28          0         12          0       5709   stm32f1xx_hal.o
       198         14          0          0          0      28791   stm32f1xx_hal_cortex.o
       524         40          0          0          0       3994   stm32f1xx_hal_gpio.o
      2382         56          0          0          0      12718   stm32f1xx_hal_i2c.o
        60          8          0          0          0        826   stm32f1xx_hal_msp.o
      1240         84         18          0          0       4968   stm32f1xx_hal_rcc.o
      2044         56          0          0          0      17433   stm32f1xx_hal_tim.o
       192         12          0          0          0       3069   stm32f1xx_hal_tim_ex.o
       636          6          0          0          0       4488   stm32f1xx_hal_uart.o
        38          6          0          0          0       4469   stm32f1xx_it.o
         2          0         24          4          0       1047   system_stm32f1xx.o
       836         68          0          0        288       4857   tim.o
       184         24          0          0         72       1614   usart.o

    ----------------------------------------------------------------------
     12434        846       1830         88       2216     963034   Object Totals
         0          0         32          0          0          0   (incl. Generated)
        22          0          0          2          2          0   (incl. Padding)

    ----------------------------------------------------------------------

      Code (inc. data)   RO Data    RW Data    ZI Data      Debug   Library Member Name

         8          0          0          0          0         68   __main.o
       284          0          0          0          0        156   __printf_wp.o
         0          0          0          0          0          0   __rtentry.o
        12          0          0          0          0          0   __rtentry2.o
         6          0          0          0          0          0   __rtentry4.o
        52          8          0          0          0          0   __scatter.o
        26          0          0          0          0          0   __scatter_copy.o
        28          0          0          0          0          0   __scatter_zi.o
        48          6          0          0          0         96   _printf_char_common.o
         6          0          0          0          0          0   _printf_f.o
      1054          0          0          0          0        216   _printf_fp_dec.o
       128         16          0          0          0         84   _printf_fp_infnan.o
         0          0          0          0          0          0   _printf_percent.o
         4          0          0          0          0          0   _printf_percent_end.o
        16          0          0          0          0         68   _snputc.o
        10          0          0          0          0         68   _sputc.o
       228          4        148          0          0         96   bigflt0.o
      1936        128          0          0          0        672   btod.o
        18          0          0          0          0         80   exit.o
         6          0          0          0          0        152   heapauxi.o
         0          0          0          0          0          0   indicate_semi.o
        44         10         28          0          0         76   lc_numeric_c.o
         2          0          0          0          0          0   libinit.o
        18          0          0          0          0          0   libinit2.o
         2          0          0          0          0          0   libshutdown.o
         2          0          0          0          0          0   libshutdown2.o
         8          4          0          0         96         68   libspace.o
       138          0          0          0          0         80   lludiv10.o
        52          4          0          0          0         84   noretval__2snprintf.o
         8          4          0          0          0         68   rt_locale_intlibspace.o
        78          0          0          0          0         80   rt_memclr_w.o
         2          0          0          0          0          0   rtexit.o
        10          0          0          0          0          0   rtexit2.o
       128          0          0          0          0         68   strcmpv7m.o
        12          4          0          0          0         68   sys_exit.o
        74          0          0          0          0         80   sys_stackheap_outer.o
         2          0          0          0          0         68   use_no_semi.o
        98          4          0          0          0         92   d2f.o
       826         16          0          0          0        348   daddsub_clz.o
        94          4          0          0          0         92   dfix.o
        46          0          0          0          0         68   dflt_clz.o
       340         12          0          0          0        104   dmul.o
       156          4          0          0          0         92   dnaninf.o
        12          0          0          0          0         68   dretinf.o
        86          4          0          0          0         84   f2d.o
       450          8          0          0          0        236   faddsub_clz.o
        12          4          0          0          0         68   fcheck1.o
       388         76          0          0          0         96   fdiv.o
        54          4          0          0          0         84   ffix.o
        62          4          0          0          0         84   ffixu.o
        48          0          0          0          0         68   fflt_clz.o
       258          4          0          0          0         84   fmul.o
       140          4          0          0          0         84   fnaninf.o
        10          0          0          0          0         68   fretinf.o
         4          0          0          0          0         68   printf1.o
       100          0          0          0          0         68   retnan.o
        76          0          0          0          0         68   scalbnf.o
        48          0          0          0          0         68   trapv.o
         0          0          0          0          0          0   usenofp.o
       604         76          0          0          0        116   atan2f.o
        40          0          0          0          0         68   fpclassify.o
        38          0          0          0          0         68   fpclassifyf.o
        14          0          0          0          0        136   funder.o

    ----------------------------------------------------------------------
      8472        412        176          0         96       4976   Library Totals
        18          0          0          0          0          0   (incl. Padding)

    ----------------------------------------------------------------------

      Code (inc. data)   RO Data    RW Data    ZI Data      Debug   Library Name

      4450        188        176          0         96       2496   c_w.l
      3308        148          0          0          0       2092   fz_ws.l
       696         76          0          0          0        388   m_ws.l

    ----------------------------------------------------------------------
      8472        412        176          0         96       4976   Library Totals

    ----------------------------------------------------------------------

==============================================================================


      Code (inc. data)   RO Data    RW Data    ZI Data      Debug   

     20906       1258       2006         88       2312     958906   Grand Totals
     20906       1258       2006         88       2312     958906   ELF Image Totals
     20906       1258       2006         88          0          0   ROM Totals

==============================================================================

    Total RO  Size (Code + RO Data)                22912 (  22.38kB)
    Total RW  Size (RW Data + ZI Data)              2400 (   2.34kB)
    Total ROM Size (Code + RO Data + RW Data)      23000 (  22.46kB)

==============================================================================

